###############################################################################
#
# IAR ELF Linker V7.80.3.12102/W32 for ARM                21/Feb/2017  21:28:28
# Copyright 2007-2016 IAR Systems AB.
#
#    Output file  =  
#        C:\Users\jonas\Documents\GitHub\Inbyggda-\lab
#        1\filer\KULOR_V2\EWARM\KULOR_V2\Exe\KULOR_V2.out
#    Map file     =  
#        C:\Users\jonas\Documents\GitHub\Inbyggda-\lab
#        1\filer\KULOR_V2\EWARM\KULOR_V2\List\KULOR_V2.map
#    Command line =  
#        "C:\Users\jonas\Documents\GitHub\Inbyggda-\lab
#        1\filer\KULOR_V2\EWARM\KULOR_V2\Obj\crc.o"
#        "C:\Users\jonas\Documents\GitHub\Inbyggda-\lab
#        1\filer\KULOR_V2\EWARM\KULOR_V2\Obj\gpio.o"
#        "C:\Users\jonas\Documents\GitHub\Inbyggda-\lab
#        1\filer\KULOR_V2\EWARM\KULOR_V2\Obj\Kulor_Funktioner.o"
#        "C:\Users\jonas\Documents\GitHub\Inbyggda-\lab
#        1\filer\KULOR_V2\EWARM\KULOR_V2\Obj\main.o"
#        "C:\Users\jonas\Documents\GitHub\Inbyggda-\lab
#        1\filer\KULOR_V2\EWARM\KULOR_V2\Obj\rtc.o"
#        "C:\Users\jonas\Documents\GitHub\Inbyggda-\lab
#        1\filer\KULOR_V2\EWARM\KULOR_V2\Obj\startup_stm32f303xc.o"
#        "C:\Users\jonas\Documents\GitHub\Inbyggda-\lab
#        1\filer\KULOR_V2\EWARM\KULOR_V2\Obj\stm32f3_discovery.o"
#        "C:\Users\jonas\Documents\GitHub\Inbyggda-\lab
#        1\filer\KULOR_V2\EWARM\KULOR_V2\Obj\stm32f3xx_hal.o"
#        "C:\Users\jonas\Documents\GitHub\Inbyggda-\lab
#        1\filer\KULOR_V2\EWARM\KULOR_V2\Obj\stm32f3xx_hal_cortex.o"
#        "C:\Users\jonas\Documents\GitHub\Inbyggda-\lab
#        1\filer\KULOR_V2\EWARM\KULOR_V2\Obj\stm32f3xx_hal_crc.o"
#        "C:\Users\jonas\Documents\GitHub\Inbyggda-\lab
#        1\filer\KULOR_V2\EWARM\KULOR_V2\Obj\stm32f3xx_hal_crc_ex.o"
#        "C:\Users\jonas\Documents\GitHub\Inbyggda-\lab
#        1\filer\KULOR_V2\EWARM\KULOR_V2\Obj\stm32f3xx_hal_dma.o"
#        "C:\Users\jonas\Documents\GitHub\Inbyggda-\lab
#        1\filer\KULOR_V2\EWARM\KULOR_V2\Obj\stm32f3xx_hal_flash.o"
#        "C:\Users\jonas\Documents\GitHub\Inbyggda-\lab
#        1\filer\KULOR_V2\EWARM\KULOR_V2\Obj\stm32f3xx_hal_flash_ex.o"
#        "C:\Users\jonas\Documents\GitHub\Inbyggda-\lab
#        1\filer\KULOR_V2\EWARM\KULOR_V2\Obj\stm32f3xx_hal_gpio.o"
#        "C:\Users\jonas\Documents\GitHub\Inbyggda-\lab
#        1\filer\KULOR_V2\EWARM\KULOR_V2\Obj\stm32f3xx_hal_i2c.o"
#        "C:\Users\jonas\Documents\GitHub\Inbyggda-\lab
#        1\filer\KULOR_V2\EWARM\KULOR_V2\Obj\stm32f3xx_hal_i2c_ex.o"
#        "C:\Users\jonas\Documents\GitHub\Inbyggda-\lab
#        1\filer\KULOR_V2\EWARM\KULOR_V2\Obj\stm32f3xx_hal_msp.o"
#        "C:\Users\jonas\Documents\GitHub\Inbyggda-\lab
#        1\filer\KULOR_V2\EWARM\KULOR_V2\Obj\stm32f3xx_hal_pwr.o"
#        "C:\Users\jonas\Documents\GitHub\Inbyggda-\lab
#        1\filer\KULOR_V2\EWARM\KULOR_V2\Obj\stm32f3xx_hal_pwr_ex.o"
#        "C:\Users\jonas\Documents\GitHub\Inbyggda-\lab
#        1\filer\KULOR_V2\EWARM\KULOR_V2\Obj\stm32f3xx_hal_rcc.o"
#        "C:\Users\jonas\Documents\GitHub\Inbyggda-\lab
#        1\filer\KULOR_V2\EWARM\KULOR_V2\Obj\stm32f3xx_hal_rcc_ex.o"
#        "C:\Users\jonas\Documents\GitHub\Inbyggda-\lab
#        1\filer\KULOR_V2\EWARM\KULOR_V2\Obj\stm32f3xx_hal_rtc.o"
#        "C:\Users\jonas\Documents\GitHub\Inbyggda-\lab
#        1\filer\KULOR_V2\EWARM\KULOR_V2\Obj\stm32f3xx_hal_rtc_ex.o"
#        "C:\Users\jonas\Documents\GitHub\Inbyggda-\lab
#        1\filer\KULOR_V2\EWARM\KULOR_V2\Obj\stm32f3xx_hal_tim.o"
#        "C:\Users\jonas\Documents\GitHub\Inbyggda-\lab
#        1\filer\KULOR_V2\EWARM\KULOR_V2\Obj\stm32f3xx_hal_tim_ex.o"
#        "C:\Users\jonas\Documents\GitHub\Inbyggda-\lab
#        1\filer\KULOR_V2\EWARM\KULOR_V2\Obj\stm32f3xx_hal_uart.o"
#        "C:\Users\jonas\Documents\GitHub\Inbyggda-\lab
#        1\filer\KULOR_V2\EWARM\KULOR_V2\Obj\stm32f3xx_hal_uart_ex.o"
#        "C:\Users\jonas\Documents\GitHub\Inbyggda-\lab
#        1\filer\KULOR_V2\EWARM\KULOR_V2\Obj\stm32f3xx_it.o"
#        "C:\Users\jonas\Documents\GitHub\Inbyggda-\lab
#        1\filer\KULOR_V2\EWARM\KULOR_V2\Obj\system_stm32f3xx.o"
#        "C:\Users\jonas\Documents\GitHub\Inbyggda-\lab
#        1\filer\KULOR_V2\EWARM\KULOR_V2\Obj\tim.o"
#        "C:\Users\jonas\Documents\GitHub\Inbyggda-\lab
#        1\filer\KULOR_V2\EWARM\KULOR_V2\Obj\usart.o" --redirect
#        _Printf=_PrintfFull --redirect _Scanf=_ScanfFull -o
#        "C:\Users\jonas\Documents\GitHub\Inbyggda-\lab
#        1\filer\KULOR_V2\EWARM\KULOR_V2\Exe\KULOR_V2.out" --map
#        "C:\Users\jonas\Documents\GitHub\Inbyggda-\lab
#        1\filer\KULOR_V2\EWARM\KULOR_V2\List\KULOR_V2.map" --config
#        "C:\Users\jonas\Documents\GitHub\Inbyggda-\lab
#        1\filer\KULOR_V2\EWARM/stm32f303xc_flash.icf" --semihosting --entry
#        __iar_program_start --vfe
#
###############################################################################

*******************************************************************************
*** RUNTIME MODEL ATTRIBUTES
***

CppFlavor                     = *
__Heap_Handler                = Basic
__SystemLibrary               = DLib
__dlib_dynamic_initialization = normal


*******************************************************************************
*** PLACEMENT SUMMARY
***

"A0":  place at 0x08000000 { ro section .intvec };
"P1":  place in [from 0x08000000 to 0x0803ffff] { ro };
"P2":  place in [from 0x20000000 to 0x20009fff] { rw, block CSTACK, block HEAP };
initialize by copy { rw };

  Section             Kind        Address    Size  Object
  -------             ----        -------    ----  ------
"A0":                                       0x188
  .intvec             ro code  0x08000000   0x188  startup_stm32f303xc.o [1]
                             - 0x08000188   0x188

"P1":                                      0x5131
  .text               ro code  0x08000188  0x119a  xprintffull.o [3]
  .text               ro code  0x08001322    0x20  xmbtowc.o [3]
  .text               ro code  0x08001344    0x16  strchr.o [5]
  .text               ro code  0x0800135c    0x36  strlen.o [5]
  .text               ro code  0x08001394    0x58  memchr.o [5]
  .text               ro code  0x080013ec     0xa  xmbcurmax.o [3]
  .text               ro code  0x080013f8    0xb0  xxmemxmalloc.o [3]
  .text               ro code  0x080014a8    0x1a  xwctomb.o [3]
  .text               ro code  0x080014c4    0x76  ABImemcpy_unaligned.o [5]
  .text               ro code  0x0800153c    0x80  xxmemxfree.o [3]
  .text               ro code  0x080015bc    0xee  I64DivMod.o [5]
  .text               ro code  0x080016aa    0x44  xdnorm.o [4]
  .text               ro code  0x080016f0    0x2e  DblCmpLe.o [4]
  .text               ro code  0x08001720    0x2e  DblCmpGe.o [4]
  .text               ro code  0x08001750   0x114  xdscale.o [4]
  .text               ro code  0x08001864    0x58  DblToI32.o [4]
  .text               ro code  0x080018bc    0x30  I32ToDbl.o [4]
  .text               ro code  0x080018ec   0x180  DblSub.o [4]
  .text               ro code  0x08001a6c   0x1a2  DblMul.o [4]
  .text               ro code  0x08001c10   0x256  DblDiv.o [4]
  .text               ro code  0x08001e68    0x6c  localeconv.o [3]
  .text               ro code  0x08001ed4     0xe  div.o [3]
  .text               ro code  0x08001ee4    0x24  setlocale.o [3]
  .text               ro code  0x08001f08    0x60  xencoding_sb.o [3]
  .text               ro code  0x08001f68    0x2c  xgetmemchunk.o [3]
  .text               ro code  0x08001f94     0x2  I64DivZer.o [5]
  .text               ro code  0x08001f98    0xd4  DblAdd.o [4]
  .text               ro code  0x0800206c     0x2  xtls.o [3]
  .text               ro code  0x08002070   0x6dc  stm32f3xx_hal_uart.o [1]
  .text               ro code  0x0800274c    0x98  usart.o [1]
  .text               ro code  0x080027e4    0x4c  stm32f3xx_hal_dma.o [1]
  .text               ro code  0x08002830     0x2  stm32f3xx_hal_uart.o [1]
  .text               ro code  0x08002832     0x2  stm32f3xx_hal_uart_ex.o [1]
  .text               ro code  0x08002834   0x4a8  stm32f3xx_hal_rcc.o [1]
  .text               ro code  0x08002cdc     0xc  stm32f3xx_hal.o [1]
  .text               ro code  0x08002ce8   0x41c  Kulor_Funktioner.o [1]
  .text               ro code  0x08003104    0xd2  main.o [1]
  .text               ro code  0x080031d8   0x19c  stm32f3xx_hal_gpio.o [1]
  .text               ro code  0x08003374    0xde  stm32f3xx_hal_cortex.o [1]
  .text               ro code  0x08003454    0x28  stm32f3xx_hal.o [1]
  .text               ro code  0x0800347c    0x24  printf.o [3]
  .text               ro code  0x080034a0   0x346  stm32f3xx_hal_rtc.o [1]
  .text               ro code  0x080037e8   0x198  xstoul.o [3]
  .text               ro code  0x08003980    0x98  stm32f3_discovery.o [1]
  .text               ro code  0x08003a18    0x18  stm32f3xx_hal_rtc_ex.o [1]
  .text               ro code  0x08003a30    0x4c  strtok.o [3]
  .text               ro code  0x08003a7c    0x24  stm32f3xx_hal.o [1]
  .text               ro code  0x08003aa0   0x170  gpio.o [1]
  .text               ro code  0x08003c10    0x60  crc.o [1]
  .text               ro code  0x08003c70    0x8c  rtc.o [1]
  .text               ro code  0x08003cfc   0x118  tim.o [1]
  .text               ro code  0x08003e14   0x1b8  stm32f3xx_hal_rcc_ex.o [1]
  .text               ro code  0x08003fcc    0x14  isxxx.o [3]
  .text               ro code  0x08003fe0    0x14  tolower.o [3]
  .text               ro code  0x08003ff4     0xc  errno.o [3]
  .text               ro code  0x08004000    0x24  strspn.o [3]
  .text               ro code  0x08004024    0x24  strcspn.o [3]
  .text               ro code  0x08004048    0x78  stm32f3xx_hal_msp.o [1]
  .text               ro code  0x080040c0    0x78  stm32f3xx_hal_crc.o [1]
  .text               ro code  0x08004138   0x616  stm32f3xx_hal_tim.o [1]
  .text               ro code  0x08004750    0x54  stm32f3xx_hal_tim_ex.o [1]
  .text               ro code  0x080047a4    0x14  xlocale_c.o [3]
  .text               ro code  0x080047b8     0xc  xlocale_c.o [3]
  .text               ro code  0x080047c4    0x44  stm32f3xx_hal_crc_ex.o [1]
  .text               ro code  0x08004808     0x2  stm32f3xx_hal_tim.o [1]
  .text               ro code  0x0800480c    0x88  stm32f3xx_it.o [1]
  .text               ro code  0x08004894     0x2  stm32f3xx_hal_tim.o [1]
  .text               ro code  0x08004896     0x2  stm32f3xx_hal_tim.o [1]
  .text               ro code  0x08004898     0x2  stm32f3xx_hal_tim_ex.o [1]
  .text               ro code  0x0800489a     0x2  stm32f3xx_hal_tim.o [1]
  .text               ro code  0x0800489c     0x2  stm32f3xx_hal_tim_ex.o [1]
  .text               ro code  0x0800489e     0x2  stm32f3xx_hal_tim.o [1]
  .text               ro code  0x080048a0    0x10  stm32f3xx_hal.o [1]
  .text               ro code  0x080048b0    0xd6  xfspos.o [3]
  .text               ro code  0x08004988    0xb0  fflush.o [3]
  .text               ro code  0x08004a38     0xc  xfgpos.o [3]
  .text               ro code  0x08004a44    0x4c  lseek.o [6]
  .text               ro code  0x08004a90     0x4  xsyslock_nop.o [3]
  .text               ro code  0x08004a94    0x10  write.o [6]
  .text               ro code  0x08004aa4    0xcc  XShHandles.o [3]
  .text               ro code  0x08004b70    0x1e  dwrite.o [6]
  .text               ro code  0x08004b8e    0x20  iarwstd.o [6]
  .text               ro code  0x08004bae    0x22  iarwrite.o [6]
  .text               ro code  0x08004bd0    0x6c  iarttio.o [6]
  .text               ro code  0x08004c3c     0x8  XShttio.o [3]
  .text               ro code  0x08004c44    0xb8  xfwprep.o [3]
  .text               ro code  0x08004cfc    0x22  fseek.o [3]
  .text               ro code  0x08004d20    0x80  xfofind.o [3]
  .text               ro code  0x08004da0    0x7c  system_stm32f3xx.o [1]
  .text               ro code  0x08004e1c    0x7a  fclose.o [3]
  .text               ro code  0x08004e96    0x1a  close.o [6]
  .text               ro code  0x08004eb0    0x16  remove.o [6]
  .text               ro code  0x08004ec6    0x78  lz77_init_single.o [5]
  .text               ro code  0x08004f40    0x58  xcloseall.o [3]
  .text               ro code  0x08004f98    0x56  fputc.o [3]
  .text               ro code  0x08004fee    0x40  zero_init3.o [5]
  .text               ro code  0x08005030    0x28  data_init.o [5]
  .text               ro code  0x08005058    0x22  fpinit_M.o [4]
  .iar.init_table     const    0x0800507c    0x20  - Linker created -
  .text               ro code  0x0800509c    0x1a  cmain.o [5]
  .text               ro code  0x080050b6     0x4  low_level_init.o [3]
  .text               ro code  0x080050ba     0x4  exit.o [3]
  .text               ro code  0x080050c0     0xe  cexit.o [5]
  .text               ro code  0x080050d0    0x14  exit.o [6]
  .text               ro code  0x080050e4    0x16  xprout.o [3]
  .text               ro code  0x080050fc     0xc  putchar.o [3]
  .text               ro code  0x08005108    0x10  startup_stm32f303xc.o [1]
  .text               ro code  0x08005118     0xc  cstartup_M.o [5]
  .rodata             const    0x08005124     0x8  system_stm32f3xx.o [1]
  .text               ro code  0x0800512c     0x4  startup_stm32f303xc.o [1]
  .text               ro code  0x08005130     0x4  startup_stm32f303xc.o [1]
  .text               ro code  0x08005134     0x4  startup_stm32f303xc.o [1]
  .text               ro code  0x08005138     0x4  startup_stm32f303xc.o [1]
  .text               ro code  0x0800513c     0x4  startup_stm32f303xc.o [1]
  .text               ro code  0x08005140     0x4  startup_stm32f303xc.o [1]
  .text               ro code  0x08005144     0x4  startup_stm32f303xc.o [1]
  .text               ro code  0x08005148     0x4  startup_stm32f303xc.o [1]
  .text               ro code  0x0800514c     0x4  startup_stm32f303xc.o [1]
  .text               ro code  0x08005150     0x4  startup_stm32f303xc.o [1]
  .text               ro code  0x08005154     0x4  startup_stm32f303xc.o [1]
  .text               ro code  0x08005158     0x4  startup_stm32f303xc.o [1]
  .text               ro code  0x0800515c     0x4  startup_stm32f303xc.o [1]
  .text               ro code  0x08005160     0x4  startup_stm32f303xc.o [1]
  .text               ro code  0x08005164     0x4  startup_stm32f303xc.o [1]
  .text               ro code  0x08005168     0x4  startup_stm32f303xc.o [1]
  .text               ro code  0x0800516c     0x4  startup_stm32f303xc.o [1]
  .text               ro code  0x08005170     0x4  startup_stm32f303xc.o [1]
  .text               ro code  0x08005174     0x4  startup_stm32f303xc.o [1]
  .text               ro code  0x08005178     0x4  startup_stm32f303xc.o [1]
  .text               ro code  0x0800517c     0x4  startup_stm32f303xc.o [1]
  .text               ro code  0x08005180     0x4  startup_stm32f303xc.o [1]
  .text               ro code  0x08005184     0x4  startup_stm32f303xc.o [1]
  .text               ro code  0x08005188     0x4  startup_stm32f303xc.o [1]
  .text               ro code  0x0800518c     0x4  startup_stm32f303xc.o [1]
  .text               ro code  0x08005190     0x4  startup_stm32f303xc.o [1]
  .text               ro code  0x08005194     0x4  startup_stm32f303xc.o [1]
  .text               ro code  0x08005198     0x4  startup_stm32f303xc.o [1]
  .text               ro code  0x0800519c     0x4  startup_stm32f303xc.o [1]
  .text               ro code  0x080051a0     0x4  startup_stm32f303xc.o [1]
  .text               ro code  0x080051a4     0x4  startup_stm32f303xc.o [1]
  .text               ro code  0x080051a8     0x4  startup_stm32f303xc.o [1]
  .text               ro code  0x080051ac     0x4  startup_stm32f303xc.o [1]
  .text               ro code  0x080051b0     0x4  startup_stm32f303xc.o [1]
  .text               ro code  0x080051b4     0x4  startup_stm32f303xc.o [1]
  .text               ro code  0x080051b8     0x4  startup_stm32f303xc.o [1]
  .text               ro code  0x080051bc     0x4  startup_stm32f303xc.o [1]
  .text               ro code  0x080051c0     0x4  startup_stm32f303xc.o [1]
  .text               ro code  0x080051c4     0x4  startup_stm32f303xc.o [1]
  .text               ro code  0x080051c8     0x4  startup_stm32f303xc.o [1]
  .text               ro code  0x080051cc     0x4  startup_stm32f303xc.o [1]
  .text               ro code  0x080051d0     0x4  startup_stm32f303xc.o [1]
  .text               ro code  0x080051d4     0x4  startup_stm32f303xc.o [1]
  .text               ro code  0x080051d8     0x4  startup_stm32f303xc.o [1]
  .text               ro code  0x080051dc     0x4  startup_stm32f303xc.o [1]
  .text               ro code  0x080051e0     0x4  startup_stm32f303xc.o [1]
  .text               ro code  0x080051e4     0x4  startup_stm32f303xc.o [1]
  .text               ro code  0x080051e8     0x4  startup_stm32f303xc.o [1]
  .text               ro code  0x080051ec     0x4  startup_stm32f303xc.o [1]
  .text               ro code  0x080051f0     0x4  startup_stm32f303xc.o [1]
  .text               ro code  0x080051f4     0x4  startup_stm32f303xc.o [1]
  .text               ro code  0x080051f8     0x4  startup_stm32f303xc.o [1]
  .text               ro code  0x080051fc     0x4  startup_stm32f303xc.o [1]
  .text               ro code  0x08005200     0x4  startup_stm32f303xc.o [1]
  .text               ro code  0x08005204     0x4  startup_stm32f303xc.o [1]
  .text               ro code  0x08005208     0x4  startup_stm32f303xc.o [1]
  .text               ro code  0x0800520c     0x4  startup_stm32f303xc.o [1]
  .text               ro code  0x08005210     0x4  startup_stm32f303xc.o [1]
  .text               ro code  0x08005214     0x4  startup_stm32f303xc.o [1]
  .text               ro code  0x08005218     0x4  startup_stm32f303xc.o [1]
  .text               ro code  0x0800521c     0x4  startup_stm32f303xc.o [1]
  .text               ro code  0x08005220     0x4  startup_stm32f303xc.o [1]
  .text               ro code  0x08005224     0x4  startup_stm32f303xc.o [1]
  .text               ro code  0x08005228     0x4  startup_stm32f303xc.o [1]
  .text               ro code  0x0800522c     0x4  startup_stm32f303xc.o [1]
  .text               ro code  0x08005230     0x4  startup_stm32f303xc.o [1]
  .text               ro code  0x08005234     0x4  startup_stm32f303xc.o [1]
  .text               ro code  0x08005238     0x4  startup_stm32f303xc.o [1]
  .text               ro code  0x0800523c     0x4  startup_stm32f303xc.o [1]
  .text               ro code  0x08005240     0x4  startup_stm32f303xc.o [1]
  .text               ro code  0x08005244     0x4  startup_stm32f303xc.o [1]
  .text               ro code  0x08005248     0x4  startup_stm32f303xc.o [1]
  .text               ro code  0x0800524c     0x0  cstart_closeall.o [5]
  .rodata             const    0x0800524c     0x0  zero_init3.o [5]
  .rodata             const    0x0800524c     0x0  lz77_init_single.o [5]
  Initializer bytes   const    0x0800524c    0x6d  <for P2-1>
                             - 0x080052b9  0x5131

"P2", part 1 of 3:                          0x264
  P2-1                         0x20000000   0x264  <Init block>
    .data             inited   0x20000000    0x54  Kulor_Funktioner.o [1]
    .data             inited   0x20000054    0x20  stm32f3_discovery.o [1]
    .data             inited   0x20000074     0x4  system_stm32f3xx.o [1]
    .data             inited   0x20000078    0x40  xfiles.o [3]
    .data             inited   0x200000b8    0x40  xfiles.o [3]
    .data             inited   0x200000f8    0x40  xfiles.o [3]
    .data             inited   0x20000138    0x20  xfiles.o [3]
    .data             inited   0x20000158     0x8  XShttio.o [3]
    __DLIB_PERTHREAD  inited   0x20000160     0x4  strtok.o [3]
    __DLIB_PERTHREAD  inited   0x20000164     0x4  errno.o [3]
    __DLIB_PERTHREAD  inited   0x20000168    0x74  setlocale.o [3]
    __DLIB_PERTHREAD  inited   0x200001dc    0x88  localeconv.o [3]
                             - 0x20000264   0x264

"P2", part 2 of 3:                          0x600
  CSTACK                       0x20000268   0x400  <Block>
    CSTACK            uninit   0x20000268   0x400  <Block tail>
  HEAP                         0x20000668   0x200  <Block>
    HEAP              uninit   0x20000668   0x200  <Block tail>
                             - 0x20000868   0x600

"P2", part 3 of 3:                          0x2a0
  .bss                zero     0x20000868    0x80  XShHandles.o [3]
  .bss                zero     0x200008e8    0x70  usart.o [1]
  .bss                zero     0x20000958    0x68  main.o [1]
  .bss                zero     0x200009c0    0x50  xfiles.o [3]
  .bss                zero     0x20000a10    0x50  xfiles.o [3]
  .bss                zero     0x20000a60    0x40  tim.o [1]
  .bss                zero     0x20000aa0    0x24  crc.o [1]
  .bss                zero     0x20000ac4    0x20  rtc.o [1]
  .bss                zero     0x20000ae4    0x10  stm32f3xx_it.o [1]
  .bss                zero     0x20000af4     0x8  xxmemxmalloc.o [3]
  .bss                zero     0x20000afc     0x4  stm32f3xx_hal.o [1]
  .bss                zero     0x20000b00     0x4  xgetmemchunk.o [3]
  .bss                zero     0x20000b04     0x1  Kulor_Funktioner.o [1]
                             - 0x20000b05   0x29d


*******************************************************************************
*** INIT TABLE
***

          Address     Size
          -------     ----
Zero (__iar_zero_init3)
    1 destination range, total size 0x29d:
          0x20000868  0x29d

Copy/lz77 (__iar_lz77_init_single3)
    1 source range, total size 0x6d (17% of destination):
          0x0800524c   0x6d
    1 destination range, total size 0x264:
          0x20000000  0x264



*******************************************************************************
*** MODULE SUMMARY
***

    Module                   ro code  ro data  rw data
    ------                   -------  -------  -------
C:\Users\jonas\Documents\GitHub\Inbyggda-\lab 1\filer\KULOR_V2\EWARM\KULOR_V2\Obj: [1]
    Kulor_Funktioner.o         1 052       14       85
    crc.o                         96                36
    gpio.o                       368
    main.o                       210               104
    rtc.o                        140                32
    startup_stm32f303xc.o        696
    stm32f3_discovery.o          152        6       32
    stm32f3xx_hal.o              104                 4
    stm32f3xx_hal_cortex.o       222
    stm32f3xx_hal_crc.o          120
    stm32f3xx_hal_crc_ex.o        68
    stm32f3xx_hal_dma.o           76
    stm32f3xx_hal_gpio.o         412
    stm32f3xx_hal_msp.o          120
    stm32f3xx_hal_rcc.o        1 192
    stm32f3xx_hal_rcc_ex.o       440
    stm32f3xx_hal_rtc.o          838
    stm32f3xx_hal_rtc_ex.o        24
    stm32f3xx_hal_tim.o        1 568
    stm32f3xx_hal_tim_ex.o        88
    stm32f3xx_hal_uart.o       1 758
    stm32f3xx_hal_uart_ex.o        2
    stm32f3xx_it.o               136                16
    system_stm32f3xx.o           124        9        4
    tim.o                        280                64
    usart.o                      152               112
    --------------------------------------------------
    Total:                    10 438       29      489

command line: [2]
    --------------------------------------------------
    Total:

dl7M_tlf.a: [3]
    XShHandles.o                 204               128
    XShttio.o                      8        1        8
    div.o                         14
    errno.o                       12        1        4
    exit.o                         4
    fclose.o                     122
    fflush.o                     176
    fputc.o                       86
    fseek.o                       34
    isxxx.o                       20
    localeconv.o                 108       25      136
    low_level_init.o               4
    printf.o                      36
    putchar.o                     12
    setlocale.o                   36       20      116
    strcspn.o                     36
    strspn.o                      36
    strtok.o                      76        1        4
    tolower.o                     20
    xcloseall.o                   88
    xencoding_sb.o                96
    xfgpos.o                      12
    xfiles.o                               40      384
    xfofind.o                    128
    xfspos.o                     214
    xfwprep.o                    184
    xgetmemchunk.o                44                 4
    xlocale_c.o                   32
    xmbcurmax.o                   10
    xmbtowc.o                     32
    xprintffull.o              4 506
    xprout.o                      22
    xstoul.o                     408
    xsyslock_nop.o                 4
    xtls.o                         2
    xwctomb.o                     26
    xxmemxfree.o                 128
    xxmemxmalloc.o               176                 8
    --------------------------------------------------
    Total:                     7 156       88      792

m7M_tls.a: [4]
    DblAdd.o                     212
    DblCmpGe.o                    46
    DblCmpLe.o                    46
    DblDiv.o                     598
    DblMul.o                     418
    DblSub.o                     384
    DblToI32.o                    88
    I32ToDbl.o                    48
    fpinit_M.o                    34
    xdnorm.o                      68
    xdscale.o                    276
    --------------------------------------------------
    Total:                     2 218

rt7M_tl.a: [5]
    ABImemcpy_unaligned.o        118
    I64DivMod.o                  238
    I64DivZer.o                    2
    cexit.o                       14
    cmain.o                       26
    cstart_closeall.o
    cstartup_M.o                  12
    data_init.o                   40
    lz77_init_single.o           120
    memchr.o                      88
    strchr.o                      22
    strlen.o                      54
    zero_init3.o                  64
    --------------------------------------------------
    Total:                       798

shb_l.a: [6]
    close.o                       26
    dwrite.o                      30
    exit.o                        20
    iarttio.o                    108
    iarwrite.o                    34
    iarwstd.o                     32
    lseek.o                       76
    remove.o                      22
    write.o                       16
    --------------------------------------------------
    Total:                       364

    Gaps                          52        2
    Linker created                         32    1 536
------------------------------------------------------
    Grand Total:              21 026      151    2 817


*******************************************************************************
*** ENTRY LIST
***

Entry                      Address   Size  Type      Object
-----                      -------   ----  ----      ------
.iar.init_table$$Base   0x0800507c          --   Gb  - Linker created -
.iar.init_table$$Limit  0x0800509c          --   Gb  - Linker created -
?main                   0x0800509d         Code  Gb  cmain.o [5]
AHBPrescTable           0x08004e0c   0x10  Data  Gb  system_stm32f3xx.o [1]
APBPrescTable           0x08005124    0x8  Data  Gb  system_stm32f3xx.o [1]
BSP_LED_Init            0x08003981   0x6a  Code  Gb  stm32f3_discovery.o [1]
BSP_LED_On              0x080039eb   0x14  Code  Gb  stm32f3_discovery.o [1]
CSTACK$$Base            0x20000268          --   Gb  - Linker created -
CSTACK$$Limit           0x20000668          --   Gb  - Linker created -
Error_Handler           0x080031d5    0x2  Code  Gb  main.o [1]
HAL_CRCEx_Polynomial_Set
                        0x080047c5   0x44  Code  Gb  stm32f3xx_hal_crc_ex.o [1]
HAL_CRC_Init            0x080040c1   0x72  Code  Gb  stm32f3xx_hal_crc.o [1]
HAL_CRC_MspInit         0x08003c43   0x22  Code  Gb  crc.o [1]
HAL_DMA_Abort_IT        0x080027e5   0x4c  Code  Gb  stm32f3xx_hal_dma.o [1]
HAL_GPIO_Init           0x080031d9  0x16c  Code  Gb  stm32f3xx_hal_gpio.o [1]
HAL_GPIO_WritePin       0x0800334f    0xa  Code  Gb  stm32f3xx_hal_gpio.o [1]
HAL_GetTick             0x08002cdd    0xc  Code  Wk  stm32f3xx_hal.o [1]
HAL_IncTick             0x080048a1   0x10  Code  Wk  stm32f3xx_hal.o [1]
HAL_Init                0x08003a7d   0x20  Code  Gb  stm32f3xx_hal.o [1]
HAL_InitTick            0x08003455   0x28  Code  Wk  stm32f3xx_hal.o [1]
HAL_MspInit             0x08004049   0x78  Code  Gb  stm32f3xx_hal_msp.o [1]
HAL_NVIC_EnableIRQ      0x080033e3    0xc  Code  Gb  stm32f3xx_hal_cortex.o [1]
HAL_NVIC_SetPriority    0x080033a9   0x3a  Code  Gb  stm32f3xx_hal_cortex.o [1]
HAL_NVIC_SetPriorityGrouping
                        0x0800338f   0x1a  Code  Gb  stm32f3xx_hal_cortex.o [1]
HAL_RCCEx_PeriphCLKConfig
                        0x08003e15  0x1aa  Code  Gb  stm32f3xx_hal_rcc_ex.o [1]
HAL_RCC_ClockConfig     0x08002b07  0x112  Code  Gb  stm32f3xx_hal_rcc.o [1]
HAL_RCC_GetHCLKFreq     0x08002c67    0x6  Code  Gb  stm32f3xx_hal_rcc.o [1]
HAL_RCC_GetPCLK1Freq    0x08002c6d   0x10  Code  Gb  stm32f3xx_hal_rcc.o [1]
HAL_RCC_GetPCLK2Freq    0x08002c7d    0xe  Code  Gb  stm32f3xx_hal_rcc.o [1]
HAL_RCC_GetSysClockFreq
                        0x08002c2d   0x3a  Code  Gb  stm32f3xx_hal_rcc.o [1]
HAL_RCC_OscConfig       0x08002835  0x2c0  Code  Gb  stm32f3xx_hal_rcc.o [1]
HAL_RTCEx_BKUPRead      0x08003a25    0xc  Code  Gb  stm32f3xx_hal_rtc_ex.o [1]
HAL_RTCEx_BKUPWrite     0x08003a19    0xc  Code  Gb  stm32f3xx_hal_rtc_ex.o [1]
HAL_RTC_GetDate         0x080036cf   0x3c  Code  Gb  stm32f3xx_hal_rtc.o [1]
HAL_RTC_GetTime         0x080035cf   0x44  Code  Gb  stm32f3xx_hal_rtc.o [1]
HAL_RTC_Init            0x080034a1   0x7e  Code  Gb  stm32f3xx_hal_rtc.o [1]
HAL_RTC_MspInit         0x08003ce1   0x10  Code  Gb  rtc.o [1]
HAL_RTC_SetDate         0x08003619   0x88  Code  Gb  stm32f3xx_hal_rtc.o [1]
HAL_RTC_SetTime         0x08003533   0x94  Code  Gb  stm32f3xx_hal_rtc.o [1]
HAL_RTC_WaitForSynchro  0x0800375d   0x30  Code  Gb  stm32f3xx_hal_rtc.o [1]
HAL_SYSTICK_CLKSourceConfig
                        0x0800341f   0x14  Code  Gb  stm32f3xx_hal_cortex.o [1]
HAL_SYSTICK_Callback    0x08003451    0x2  Code  Wk  stm32f3xx_hal_cortex.o [1]
HAL_SYSTICK_Config      0x080033f7   0x28  Code  Gb  stm32f3xx_hal_cortex.o [1]
HAL_SYSTICK_IRQHandler  0x0800344d    0x4  Code  Gb  stm32f3xx_hal_cortex.o [1]
HAL_TIMEx_BreakCallback
                        0x08004899    0x2  Code  Wk  stm32f3xx_hal_tim_ex.o [1]
HAL_TIMEx_CommutationCallback
                        0x0800489d    0x2  Code  Wk  stm32f3xx_hal_tim_ex.o [1]
HAL_TIMEx_MasterConfigSynchronization
                        0x08004751   0x4c  Code  Gb  stm32f3xx_hal_tim_ex.o [1]
HAL_TIM_Base_Init       0x08004139   0x1a  Code  Gb  stm32f3xx_hal_tim.o [1]
HAL_TIM_Base_MspInit    0x08003db3   0x54  Code  Gb  tim.o [1]
HAL_TIM_ConfigClockSource
                        0x080043eb   0xb4  Code  Gb  stm32f3xx_hal_tim.o [1]
HAL_TIM_IC_CaptureCallback
                        0x08004827   0x4c  Code  Gb  stm32f3xx_it.o [1]
HAL_TIM_IC_ConfigChannel
                        0x080042d1  0x11a  Code  Gb  stm32f3xx_hal_tim.o [1]
HAL_TIM_IC_Init         0x0800416f   0x1a  Code  Gb  stm32f3xx_hal_tim.o [1]
HAL_TIM_IC_MspInit      0x08004809    0x2  Code  Wk  stm32f3xx_hal_tim.o [1]
HAL_TIM_IRQHandler      0x08004189  0x142  Code  Gb  stm32f3xx_hal_tim.o [1]
HAL_TIM_OC_DelayElapsedCallback
                        0x08004895    0x2  Code  Wk  stm32f3xx_hal_tim.o [1]
HAL_TIM_PWM_PulseFinishedCallback
                        0x0800489f    0x2  Code  Wk  stm32f3xx_hal_tim.o [1]
HAL_TIM_PeriodElapsedCallback
                        0x08004897    0x2  Code  Wk  stm32f3xx_hal_tim.o [1]
HAL_TIM_ReadCapturedValue
                        0x080044f9   0x42  Code  Gb  stm32f3xx_hal_tim.o [1]
HAL_TIM_SlaveConfigSynchronization
                        0x080044b1   0x1a  Code  Gb  stm32f3xx_hal_tim.o [1]
HAL_TIM_TriggerCallback
                        0x0800489b    0x2  Code  Wk  stm32f3xx_hal_tim.o [1]
HAL_UARTEx_WakeupCallback
                        0x08002833    0x2  Code  Wk  stm32f3xx_hal_uart_ex.o [1]
HAL_UART_ErrorCallback  0x08002831    0x2  Code  Wk  stm32f3xx_hal_uart.o [1]
HAL_UART_IRQHandler     0x080021af  0x130  Code  Gb  stm32f3xx_hal_uart.o [1]
HAL_UART_Init           0x08002071   0x30  Code  Gb  stm32f3xx_hal_uart.o [1]
HAL_UART_MspInit        0x08002781   0x54  Code  Gb  usart.o [1]
HAL_UART_Receive_IT     0x08002135   0x6c  Code  Gb  stm32f3xx_hal_uart.o [1]
HAL_UART_RxCpltCallback
                        0x08002ceb    0x2  Code  Gb  Kulor_Funktioner.o [1]
HAL_UART_Transmit_IT    0x080020f5   0x40  Code  Gb  stm32f3xx_hal_uart.o [1]
HAL_UART_TxCpltCallback
                        0x08002ce9    0x2  Code  Gb  Kulor_Funktioner.o [1]
HEAP$$Base              0x20000668          --   Gb  - Linker created -
HEAP$$Limit             0x20000868          --   Gb  - Linker created -
LED_PIN                 0x08003a08   0x10  Data  Gb  stm32f3_discovery.o [1]
LED_PORT                0x20000054   0x20  Data  Gb  stm32f3_discovery.o [1]
LoadInt                 0x080007ff   0x6e  Code  Lc  xprintffull.o [3]
MX_CRC_Init             0x08003c11   0x32  Code  Gb  crc.o [1]
MX_GPIO_Init            0x08003aa1  0x128  Code  Gb  gpio.o [1]
MX_RTC_Init             0x08003c71   0x70  Code  Gb  rtc.o [1]
MX_TIM1_Init            0x08003cfd   0xb6  Code  Gb  tim.o [1]
MX_USART3_UART_Init     0x0800274d   0x34  Code  Gb  usart.o [1]
NVIC_SetPriority        0x08003375   0x1a  Code  Lc  stm32f3xx_hal_cortex.o [1]
NewLine                 0x2000003c    0x4  Data  Gb  Kulor_Funktioner.o [1]
RTC_Bcd2ToByte          0x080037d7   0x10  Code  Gb  stm32f3xx_hal_rtc.o [1]
RTC_ByteToBcd2          0x080037c1   0x16  Code  Gb  stm32f3xx_hal_rtc.o [1]
RTC_CLOCK_SETINGS       0x08002e6f   0x80  Code  Gb  Kulor_Funktioner.o [1]
RTC_CalendarConfig      0x08002d51   0xca  Code  Gb  Kulor_Funktioner.o [1]
RTC_CalendarConfig::date
                        0x20000001    0x1  Data  Lc  Kulor_Funktioner.o [1]
RTC_CalendarConfig::hour
                        0x20000003    0x1  Data  Lc  Kulor_Funktioner.o [1]
RTC_CalendarConfig::minits
                        0x20000002    0x1  Data  Lc  Kulor_Funktioner.o [1]
RTC_CalendarConfig::mouth
                        0x20000004    0x1  Data  Lc  Kulor_Funktioner.o [1]
RTC_CalendarConfig::year
                        0x20000000    0x1  Data  Lc  Kulor_Funktioner.o [1]
RTC_CalendarShow        0x08002e21   0x4e  Code  Gb  Kulor_Funktioner.o [1]
RTC_EnterInitMode       0x0800378d   0x34  Code  Gb  stm32f3xx_hal_rtc.o [1]
ReciveFromUser_clk      0x08002d0d   0x36  Code  Gb  Kulor_Funktioner.o [1]
Region$$Table$$Base     0x0800507c          --   Gb  - Linker created -
Region$$Table$$Limit    0x0800509c          --   Gb  - Linker created -
RtcHandle               0x20000008   0x20  Data  Gb  Kulor_Funktioner.o [1]
SendToSerial            0x08002cf5   0x18  Code  Gb  Kulor_Funktioner.o [1]
SetDate                 0x20000028    0xc  Data  Gb  Kulor_Funktioner.o [1]
SetTime                 0x20000034    0x8  Data  Gb  Kulor_Funktioner.o [1]
SysTick_Handler         0x0800480d    0xe  Code  Gb  stm32f3xx_it.o [1]
SystemClock_Config      0x08003139   0x92  Code  Gb  main.o [1]
SystemCoreClock         0x20000074    0x4  Data  Gb  system_stm32f3xx.o [1]
SystemInit              0x08004da1   0x52  Code  Gb  system_stm32f3xx.o [1]
TIM1_CC_IRQHandler      0x0800481b    0x6  Code  Gb  stm32f3xx_it.o [1]
TIM_Base_SetConfig      0x0800453b   0x90  Code  Gb  stm32f3xx_hal_tim.o [1]
TIM_ETR_SetConfig       0x0800473b   0x14  Code  Gb  stm32f3xx_hal_tim.o [1]
TIM_ITRx_SetConfig      0x0800472b   0x10  Code  Lc  stm32f3xx_hal_tim.o [1]
TIM_SlaveTimer_SetConfig
                        0x080045d1   0x5a  Code  Lc  stm32f3xx_hal_tim.o [1]
TIM_TI1_ConfigInputStage
                        0x080046b1   0x22  Code  Lc  stm32f3xx_hal_tim.o [1]
TIM_TI1_SetConfig       0x0800462b   0x5a  Code  Gb  stm32f3xx_hal_tim.o [1]
TIM_TI2_ConfigInputStage
                        0x08004707   0x24  Code  Lc  stm32f3xx_hal_tim.o [1]
TIM_TI2_SetConfig       0x080046d3   0x34  Code  Lc  stm32f3xx_hal_tim.o [1]
UART_AdvFeatureConfig   0x080024b5   0xc6  Code  Gb  stm32f3xx_hal_uart.o [1]
UART_CheckIdleState     0x0800257b   0x56  Code  Gb  stm32f3xx_hal_uart.o [1]
UART_DMAAbortOnError    0x08002655   0x10  Code  Lc  stm32f3xx_hal_uart.o [1]
UART_EndRxTransfer      0x08002635   0x1c  Code  Lc  stm32f3xx_hal_uart.o [1]
UART_EndTransmit_IT     0x080026c5   0x1a  Code  Gb  stm32f3xx_hal_uart.o [1]
UART_Receive_IT         0x080026df   0x6e  Code  Gb  stm32f3xx_hal_uart.o [1]
UART_SetConfig          0x080022ed  0x1ac  Code  Gb  stm32f3xx_hal_uart.o [1]
UART_Transmit_IT        0x08002665   0x60  Code  Gb  stm32f3xx_hal_uart.o [1]
UART_WaitOnFlagUntilTimeout
                        0x080025d1   0x58  Code  Gb  stm32f3xx_hal_uart.o [1]
USART3_IRQHandler       0x08004821    0x6  Code  Gb  stm32f3xx_it.o [1]
UartReady               0x20000b04    0x1  Data  Gb  Kulor_Funktioner.o [1]
_Close_all              0x08004f41   0x58  Code  Gb  xcloseall.o [3]
_EncodingSb_Mbtowc      0x08001f23   0x30  Code  Gb  xencoding_sb.o [3]
_EncodingSb_Mbtowc::initial
                        0x08001f60    0x8  Data  Lc  xencoding_sb.o [3]
_EncodingSb_Wctomb      0x08001f09   0x1a  Code  Gb  xencoding_sb.o [3]
_EncodingSb_Wctomb::initial
                        0x08001f58    0x8  Data  Lc  xencoding_sb.o [3]
_Files                  0x20000138   0x20  Data  Gb  xfiles.o [3]
_Fofree                 0x08004d21   0x78  Code  Gb  xfofind.o [3]
_Fspos                  0x080048b1   0xd6  Code  Gb  xfspos.o [3]
_Fwprep                 0x08004c45   0xb8  Code  Gb  xfwprep.o [3]
_GenldFull              0x08001085  0x254  Code  Lc  xprintffull.o [3]
_IsdstStr               0x2000016c    0x4  Data  Gb  setlocale.o [3]
_LdtobFull              0x08000c85  0x3fa  Code  Lc  xprintffull.o [3]
_LitobFull              0x08000b79  0x10a  Code  Lc  xprintffull.o [3]
_LocaleC_isspace        0x080047a5   0x14  Code  Gb  xlocale_c.o [3]
_LocaleC_tolower        0x080047b9    0xc  Code  Gb  xlocale_c.o [3]
_LocaleEncoding         0x08001ef7    0xe  Code  Gb  setlocale.o [3]
_LocaleForCat           0x08001ee5   0x12  Code  Gb  setlocale.o [3]
_LocaleReturnString     0x2000018c   0x50  Data  Lc  setlocale.o [3]
_Locale_Profile         0x20000170   0x1c  Data  Gb  setlocale.o [3]
_Locale_aeabi_lconv     0x2000022c   0x38  Data  Gb  localeconv.o [3]
_Locale_lconv           0x200001dc   0x50  Data  Gb  localeconv.o [3]
_Mbtowc                 0x08001323   0x20  Code  Gb  xmbtowc.o [3]
_Nnl                    0x08004a39    0xc  Code  Gb  xfgpos.o [3]
_PrintfFull             0x08000189  0x660  Code  Gb  xprintffull.o [3]
_Prout                  0x080050e5   0x16  Code  Gb  xprout.o [3]
_PutcharsFull           0x080012d9   0x2e  Code  Lc  xprintffull.o [3]
_PutstrFull             0x0800086d  0x306  Code  Lc  xprintffull.o [3]
_Strtok_ssave           0x20000160    0x4  Data  Lc  strtok.o [3]
_TzoneStr               0x20000168    0x4  Data  Gb  setlocale.o [3]
_Wctomb                 0x080014a9   0x1a  Code  Gb  xwctomb.o [3]
__aeabi_cdcmple         0x080016f1         Code  Gb  DblCmpLe.o [4]
__aeabi_cdrcmple        0x08001721         Code  Gb  DblCmpGe.o [4]
__aeabi_d2iz            0x08001865         Code  Gb  DblToI32.o [4]
__aeabi_d2uiz           0x08001891         Code  Gb  DblToI32.o [4]
__aeabi_ddiv            0x08001c11         Code  Gb  DblDiv.o [4]
__aeabi_dmul            0x08001a6d         Code  Gb  DblMul.o [4]
__aeabi_dsub            0x080018ed         Code  Gb  DblSub.o [4]
__aeabi_errno_addr      0x08003ff5    0x6  Code  Gb  errno.o [3]
__aeabi_i2d             0x080018bd         Code  Gb  I32ToDbl.o [4]
__aeabi_ldiv0           0x08001f95         Code  Gb  I64DivZer.o [5]
__aeabi_ui2d            0x080018d1         Code  Gb  I32ToDbl.o [4]
__aeabi_uldivmod        0x080015bd         Code  Gb  I64DivMod.o [5]
__cexit_closeall        0x080050c3         Code  Gb  cexit.o [5]
__close                 0x08004e97   0x1a  Code  Gb  close.o [6]
__cmain                 0x0800509d         Code  Gb  cmain.o [5]
__cstart_closeall       0x0800524c         Data  Gb  cstart_closeall.o [5]
__data_Aldata           0x20000af4    0x8  Data  Gb  xxmemxmalloc.o [3]
__data_GetMemChunk      0x08001f69   0x2c  Code  Gb  xgetmemchunk.o [3]
__data_GetMemChunk::start
                        0x20000b00    0x4  Data  Lc  xgetmemchunk.o [3]
__dwrite                0x08004b71   0x1e  Code  Gb  dwrite.o [6]
__exit                  0x080050d1   0x14  Code  Gb  exit.o [6]
__iar_Dnorm             0x080016ab   0x44  Code  Gb  xdnorm.o [4]
__iar_Dscale            0x08001751  0x114  Code  Gb  xdscale.o [4]
__iar_Errno             0x20000164    0x4  Data  Gb  errno.o [3]
__iar_Locale_lconv_init
                        0x08001e69   0x3a  Code  Gb  localeconv.o [3]
__iar_Lockfilelock      0x08004a91    0x2  Code  Gb  xsyslock_nop.o [3]
__iar_Mbcurmax          0x080013ed    0xa  Code  Gb  xmbcurmax.o [3]
__iar_Memchr            0x08001395         Code  Gb  memchr.o [5]
__iar_Stderr            0x200000f8   0x40  Data  Gb  xfiles.o [3]
__iar_Stdin             0x20000078   0x40  Data  Gb  xfiles.o [3]
__iar_Stdout            0x200000b8   0x40  Data  Gb  xfiles.o [3]
__iar_Stoul             0x0800392d    0x4  Code  Gb  xstoul.o [3]
__iar_Stoulx            0x080037e9  0x13e  Code  Gb  xstoul.o [3]
__iar_Strchr            0x08001345         Code  Gb  strchr.o [5]
__iar_Unlockfilelock    0x08004a93    0x2  Code  Gb  xsyslock_nop.o [3]
__iar_close_ttio        0x08004bd1   0x2e  Code  Gb  iarttio.o [6]
__iar_d2uiz             0x0800189d         Code  Gb  DblToI32.o [4]
__iar_dadd              0x08001f99         Code  Gb  DblAdd.o [4]
__iar_data_init3        0x08005031   0x28  Code  Gb  data_init.o [5]
__iar_dlib_perthread_access
                        0x0800206d    0x2  Code  Gb  xtls.o [3]
__iar_dsub              0x08001901         Code  Gb  DblSub.o [4]
__iar_dsubStart         0x08001913         Code  Gb  DblSub.o [4]
__iar_get_ttio          0x08004c01   0x38  Code  Gb  iarttio.o [6]
__iar_init_vfp          0x08005059         Code  Gb  fpinit_M.o [4]
__iar_lookup_ttioh      0x08004c3d    0x8  Code  Gb  XShttio.o [3]
__iar_lz77_init_single3
                        0x08004ec7   0x78  Code  Gb  lz77_init_single.o [5]
__iar_program_start     0x08005119         Code  Gb  cstartup_M.o [5]
__iar_sh_Discard        0x08004aa5   0x3e  Code  Gb  XShHandles.o [3]
__iar_sh_Move           0x08004ae9   0x46  Code  Gb  XShHandles.o [3]
__iar_sh_Pos            0x08004b2f   0x3e  Code  Gb  XShHandles.o [3]
__iar_sh_stdout         0x08004b8f   0x20  Code  Gb  iarwstd.o [6]
__iar_sh_write          0x08004baf   0x22  Code  Gb  iarwrite.o [6]
__iar_ttio_handles      0x20000158    0x8  Data  Lc  XShttio.o [3]
__iar_ui2d              0x080018d5         Code  Gb  I32ToDbl.o [4]
__iar_unaligned___aeabi_memcpy
                        0x080014c5         Code  Gb  ABImemcpy_unaligned.o [5]
__iar_unaligned___aeabi_memcpy4
                        0x080014e5         Code  Gb  ABImemcpy_unaligned.o [5]
__iar_unaligned___aeabi_memcpy8
                        0x080014e5         Code  Gb  ABImemcpy_unaligned.o [5]
__iar_zero_init3        0x08004fef   0x40  Code  Gb  zero_init3.o [5]
__low_level_init        0x080050b7    0x4  Code  Gb  low_level_init.o [3]
__lseek                 0x08004a45   0x4c  Code  Gb  lseek.o [6]
__vector_table          0x08000000         Data  Gb  startup_stm32f303xc.o [1]
__write                 0x08004a95   0x10  Code  Gb  write.o [6]
_call_main              0x080050a9         Code  Gb  cmain.o [5]
_exit                   0x080050c1         Code  Gb  cexit.o [5]
_main                   0x080050b3         Code  Gb  cmain.o [5]
aPLLMULFactorTable      0x08002cbc   0x10  Data  Gb  stm32f3xx_hal_rcc.o [1]
aPredivFactorTable      0x08002ccc   0x10  Data  Gb  stm32f3xx_hal_rcc.o [1]
aShowDate               0x2000098c   0x34  Data  Gb  main.o [1]
aShowTime               0x20000958   0x34  Data  Gb  main.o [1]
digits                  0x08003930   0x28  Data  Lc  xstoul.o [3]
div                     0x08001ed5    0xe  Code  Gb  div.o [3]
ebuf                    0x200009c0   0x50  Data  Lc  xfiles.o [3]
exit                    0x080050bb    0x4  Code  Gb  exit.o [3]
fclose                  0x08004e1d   0x7a  Code  Gb  fclose.o [3]
fflush                  0x080049ff   0x34  Code  Gb  fflush.o [3]
fflushOne               0x08004989   0x76  Code  Lc  fflush.o [3]
fputc                   0x08004f99   0x56  Code  Gb  fputc.o [3]
free                    0x0800153d   0x7a  Code  Gb  xxmemxfree.o [3]
fseek                   0x08004cfd   0x22  Code  Gb  fseek.o [3]
hcrc                    0x20000aa0   0x24  Data  Gb  crc.o [1]
hrtc                    0x20000ac4   0x20  Data  Gb  rtc.o [1]
htim1                   0x20000a60   0x40  Data  Gb  tim.o [1]
huart3                  0x200008e8   0x70  Data  Gb  usart.o [1]
isspace                 0x08003fcd   0x14  Code  Gb  isxxx.o [3]
localeconv              0x08001ea3   0x16  Code  Gb  localeconv.o [3]
main                    0x08003105   0x34  Code  Gb  main.o [1]
malloc                  0x080013f9   0xac  Code  Gb  xxmemxmalloc.o [3]
memchr                  0x08001395         Code  Gb  memchr.o [5]
ndigs                   0x08003958   0x28  Data  Lc  xstoul.o [3]
obuf                    0x20000a10   0x50  Data  Lc  xfiles.o [3]
printf                  0x0800347d   0x24  Code  Gb  printf.o [3]
putchar                 0x080050fd    0xc  Code  Gb  putchar.o [3]
remove                  0x08004eb1   0x16  Code  Gb  remove.o [6]
sFileInfo               0x20000868   0x80  Data  Lc  XShHandles.o [3]
set_clock_serial        0x08002eef   0xf6  Code  Gb  Kulor_Funktioner.o [1]
strchr                  0x08001345         Code  Gb  strchr.o [5]
strcspn                 0x08004025   0x24  Code  Gb  strcspn.o [3]
strlen                  0x0800135d         Code  Gb  strlen.o [5]
strspn                  0x08004001   0x24  Code  Gb  strspn.o [3]
strtok                  0x08003a31   0x4c  Code  Gb  strtok.o [3]
tempInputDate           0x20000040    0xc  Data  Gb  Kulor_Funktioner.o [1]
tempInputTime           0x2000004c    0x8  Data  Gb  Kulor_Funktioner.o [1]
tolower                 0x08003fe1   0x14  Code  Gb  tolower.o [3]
uhCaptureIndex          0x20000ae4    0x2  Data  Gb  stm32f3xx_it.o [1]
uwDiffCapture           0x20000af0    0x4  Data  Gb  stm32f3xx_it.o [1]
uwIC2Value1             0x20000ae8    0x4  Data  Gb  stm32f3xx_it.o [1]
uwIC2Value2             0x20000aec    0x4  Data  Gb  stm32f3xx_it.o [1]
uwTick                  0x20000afc    0x4  Data  Gb  stm32f3xx_hal.o [1]


[1] = C:\Users\jonas\Documents\GitHub\Inbyggda-\lab 1\filer\KULOR_V2\EWARM\KULOR_V2\Obj
[2] = command line
[3] = dl7M_tlf.a
[4] = m7M_tls.a
[5] = rt7M_tl.a
[6] = shb_l.a

  21 026 bytes of readonly  code memory
     151 bytes of readonly  data memory
   2 817 bytes of readwrite data memory

Errors: none
Warnings: none
