###############################################################################
#
# IAR ELF Linker V7.80.3.12102/W32 for ARM                21/Feb/2017  19:49:44
# Copyright 2007-2016 IAR Systems AB.
#
#    Output file  =  
#        C:\Users\jonas\Documents\GitHub\Inbyggda-\lab
#        1\filer\KULOR_V2\EWARM\KULOR_V2\Exe\KULOR_V2.out
#    Map file     =  
#        C:\Users\jonas\Documents\GitHub\Inbyggda-\lab
#        1\filer\KULOR_V2\EWARM\KULOR_V2\List\KULOR_V2.map
#    Command line =  
#        "C:\Users\jonas\Documents\GitHub\Inbyggda-\lab
#        1\filer\KULOR_V2\EWARM\KULOR_V2\Obj\crc.o"
#        "C:\Users\jonas\Documents\GitHub\Inbyggda-\lab
#        1\filer\KULOR_V2\EWARM\KULOR_V2\Obj\gpio.o"
#        "C:\Users\jonas\Documents\GitHub\Inbyggda-\lab
#        1\filer\KULOR_V2\EWARM\KULOR_V2\Obj\Kulor_Funktioner.o"
#        "C:\Users\jonas\Documents\GitHub\Inbyggda-\lab
#        1\filer\KULOR_V2\EWARM\KULOR_V2\Obj\main.o"
#        "C:\Users\jonas\Documents\GitHub\Inbyggda-\lab
#        1\filer\KULOR_V2\EWARM\KULOR_V2\Obj\rtc.o"
#        "C:\Users\jonas\Documents\GitHub\Inbyggda-\lab
#        1\filer\KULOR_V2\EWARM\KULOR_V2\Obj\startup_stm32f303xc.o"
#        "C:\Users\jonas\Documents\GitHub\Inbyggda-\lab
#        1\filer\KULOR_V2\EWARM\KULOR_V2\Obj\stm32f3_discovery.o"
#        "C:\Users\jonas\Documents\GitHub\Inbyggda-\lab
#        1\filer\KULOR_V2\EWARM\KULOR_V2\Obj\stm32f3xx_hal.o"
#        "C:\Users\jonas\Documents\GitHub\Inbyggda-\lab
#        1\filer\KULOR_V2\EWARM\KULOR_V2\Obj\stm32f3xx_hal_cortex.o"
#        "C:\Users\jonas\Documents\GitHub\Inbyggda-\lab
#        1\filer\KULOR_V2\EWARM\KULOR_V2\Obj\stm32f3xx_hal_crc.o"
#        "C:\Users\jonas\Documents\GitHub\Inbyggda-\lab
#        1\filer\KULOR_V2\EWARM\KULOR_V2\Obj\stm32f3xx_hal_crc_ex.o"
#        "C:\Users\jonas\Documents\GitHub\Inbyggda-\lab
#        1\filer\KULOR_V2\EWARM\KULOR_V2\Obj\stm32f3xx_hal_dma.o"
#        "C:\Users\jonas\Documents\GitHub\Inbyggda-\lab
#        1\filer\KULOR_V2\EWARM\KULOR_V2\Obj\stm32f3xx_hal_flash.o"
#        "C:\Users\jonas\Documents\GitHub\Inbyggda-\lab
#        1\filer\KULOR_V2\EWARM\KULOR_V2\Obj\stm32f3xx_hal_flash_ex.o"
#        "C:\Users\jonas\Documents\GitHub\Inbyggda-\lab
#        1\filer\KULOR_V2\EWARM\KULOR_V2\Obj\stm32f3xx_hal_gpio.o"
#        "C:\Users\jonas\Documents\GitHub\Inbyggda-\lab
#        1\filer\KULOR_V2\EWARM\KULOR_V2\Obj\stm32f3xx_hal_i2c.o"
#        "C:\Users\jonas\Documents\GitHub\Inbyggda-\lab
#        1\filer\KULOR_V2\EWARM\KULOR_V2\Obj\stm32f3xx_hal_i2c_ex.o"
#        "C:\Users\jonas\Documents\GitHub\Inbyggda-\lab
#        1\filer\KULOR_V2\EWARM\KULOR_V2\Obj\stm32f3xx_hal_msp.o"
#        "C:\Users\jonas\Documents\GitHub\Inbyggda-\lab
#        1\filer\KULOR_V2\EWARM\KULOR_V2\Obj\stm32f3xx_hal_pwr.o"
#        "C:\Users\jonas\Documents\GitHub\Inbyggda-\lab
#        1\filer\KULOR_V2\EWARM\KULOR_V2\Obj\stm32f3xx_hal_pwr_ex.o"
#        "C:\Users\jonas\Documents\GitHub\Inbyggda-\lab
#        1\filer\KULOR_V2\EWARM\KULOR_V2\Obj\stm32f3xx_hal_rcc.o"
#        "C:\Users\jonas\Documents\GitHub\Inbyggda-\lab
#        1\filer\KULOR_V2\EWARM\KULOR_V2\Obj\stm32f3xx_hal_rcc_ex.o"
#        "C:\Users\jonas\Documents\GitHub\Inbyggda-\lab
#        1\filer\KULOR_V2\EWARM\KULOR_V2\Obj\stm32f3xx_hal_rtc.o"
#        "C:\Users\jonas\Documents\GitHub\Inbyggda-\lab
#        1\filer\KULOR_V2\EWARM\KULOR_V2\Obj\stm32f3xx_hal_rtc_ex.o"
#        "C:\Users\jonas\Documents\GitHub\Inbyggda-\lab
#        1\filer\KULOR_V2\EWARM\KULOR_V2\Obj\stm32f3xx_hal_tim.o"
#        "C:\Users\jonas\Documents\GitHub\Inbyggda-\lab
#        1\filer\KULOR_V2\EWARM\KULOR_V2\Obj\stm32f3xx_hal_tim_ex.o"
#        "C:\Users\jonas\Documents\GitHub\Inbyggda-\lab
#        1\filer\KULOR_V2\EWARM\KULOR_V2\Obj\stm32f3xx_hal_uart.o"
#        "C:\Users\jonas\Documents\GitHub\Inbyggda-\lab
#        1\filer\KULOR_V2\EWARM\KULOR_V2\Obj\stm32f3xx_hal_uart_ex.o"
#        "C:\Users\jonas\Documents\GitHub\Inbyggda-\lab
#        1\filer\KULOR_V2\EWARM\KULOR_V2\Obj\stm32f3xx_it.o"
#        "C:\Users\jonas\Documents\GitHub\Inbyggda-\lab
#        1\filer\KULOR_V2\EWARM\KULOR_V2\Obj\system_stm32f3xx.o"
#        "C:\Users\jonas\Documents\GitHub\Inbyggda-\lab
#        1\filer\KULOR_V2\EWARM\KULOR_V2\Obj\tim.o"
#        "C:\Users\jonas\Documents\GitHub\Inbyggda-\lab
#        1\filer\KULOR_V2\EWARM\KULOR_V2\Obj\usart.o" --redirect
#        _Printf=_PrintfFull --redirect _Scanf=_ScanfFull -o
#        "C:\Users\jonas\Documents\GitHub\Inbyggda-\lab
#        1\filer\KULOR_V2\EWARM\KULOR_V2\Exe\KULOR_V2.out" --map
#        "C:\Users\jonas\Documents\GitHub\Inbyggda-\lab
#        1\filer\KULOR_V2\EWARM\KULOR_V2\List\KULOR_V2.map" --config
#        "C:\Users\jonas\Documents\GitHub\Inbyggda-\lab
#        1\filer\KULOR_V2\EWARM/stm32f303xc_flash.icf" --semihosting --entry
#        __iar_program_start --vfe
#
###############################################################################

*******************************************************************************
*** RUNTIME MODEL ATTRIBUTES
***

CppFlavor                     = *
__Heap_Handler                = Basic
__SystemLibrary               = DLib
__dlib_dynamic_initialization = normal


*******************************************************************************
*** PLACEMENT SUMMARY
***

"A0":  place at 0x08000000 { ro section .intvec };
"P1":  place in [from 0x08000000 to 0x0803ffff] { ro };
"P2":  place in [from 0x20000000 to 0x20009fff] { rw, block CSTACK, block HEAP };
initialize by copy { rw };

  Section             Kind        Address    Size  Object
  -------             ----        -------    ----  ------
"A0":                                       0x188
  .intvec             ro code  0x08000000   0x188  startup_stm32f303xc.o [1]
                             - 0x08000188   0x188

"P1":                                      0x4aa1
  .text               ro code  0x08000188  0x119a  xprintffull.o [3]
  .text               ro code  0x08001322    0x20  xmbtowc.o [3]
  .text               ro code  0x08001344    0x16  strchr.o [5]
  .text               ro code  0x0800135c    0x36  strlen.o [5]
  .text               ro code  0x08001394    0x58  memchr.o [5]
  .text               ro code  0x080013ec     0xa  xmbcurmax.o [3]
  .text               ro code  0x080013f8    0xb0  xxmemxmalloc.o [3]
  .text               ro code  0x080014a8    0x1a  xwctomb.o [3]
  .text               ro code  0x080014c4    0x76  ABImemcpy_unaligned.o [5]
  .text               ro code  0x0800153c    0x80  xxmemxfree.o [3]
  .text               ro code  0x080015bc    0xee  I64DivMod.o [5]
  .text               ro code  0x080016aa    0x44  xdnorm.o [4]
  .text               ro code  0x080016f0    0x2e  DblCmpLe.o [4]
  .text               ro code  0x08001720    0x2e  DblCmpGe.o [4]
  .text               ro code  0x08001750   0x114  xdscale.o [4]
  .text               ro code  0x08001864    0x58  DblToI32.o [4]
  .text               ro code  0x080018bc    0x30  I32ToDbl.o [4]
  .text               ro code  0x080018ec   0x180  DblSub.o [4]
  .text               ro code  0x08001a6c   0x1a2  DblMul.o [4]
  .text               ro code  0x08001c10   0x256  DblDiv.o [4]
  .text               ro code  0x08001e68    0x6c  localeconv.o [3]
  .text               ro code  0x08001ed4     0xe  div.o [3]
  .text               ro code  0x08001ee4    0x14  setlocale.o [3]
  .text               ro code  0x08001ef8    0x60  xencoding_sb.o [3]
  .text               ro code  0x08001f58    0x2c  xgetmemchunk.o [3]
  .text               ro code  0x08001f84     0x2  I64DivZer.o [5]
  .text               ro code  0x08001f88    0xd4  DblAdd.o [4]
  .text               ro code  0x0800205c     0x2  xtls.o [3]
  .text               ro code  0x08002060   0x628  stm32f3xx_hal_uart.o [1]
  .text               ro code  0x08002688    0x88  usart.o [1]
  .text               ro code  0x08002710    0x4c  stm32f3xx_hal_dma.o [1]
  .text               ro code  0x0800275c     0x2  stm32f3xx_hal_uart.o [1]
  .text               ro code  0x0800275e     0x2  stm32f3xx_hal_uart_ex.o [1]
  .text               ro code  0x08002760   0x4a8  stm32f3xx_hal_rcc.o [1]
  .text               ro code  0x08002c08     0xc  stm32f3xx_hal.o [1]
  .text               ro code  0x08002c14   0x17c  Kulor_Funktioner.o [1]
  .text               ro code  0x08002d90    0xd2  main.o [1]
  .text               ro code  0x08002e64   0x19c  stm32f3xx_hal_gpio.o [1]
  .text               ro code  0x08003000    0x28  stm32f3xx_hal.o [1]
  .text               ro code  0x08003028   0x346  stm32f3xx_hal_rtc.o [1]
  .text               ro code  0x08003370    0x24  printf.o [3]
  .text               ro code  0x08003394    0x98  stm32f3_discovery.o [1]
  .text               ro code  0x0800342c    0x18  stm32f3xx_hal_rtc_ex.o [1]
  .text               ro code  0x08003444    0x24  stm32f3xx_hal.o [1]
  .text               ro code  0x08003468   0x170  gpio.o [1]
  .text               ro code  0x080035d8    0x60  crc.o [1]
  .text               ro code  0x08003638    0x8c  rtc.o [1]
  .text               ro code  0x080036c4   0x118  tim.o [1]
  .text               ro code  0x080037dc   0x1b8  stm32f3xx_hal_rcc_ex.o [1]
  .text               ro code  0x08003994    0xde  stm32f3xx_hal_cortex.o [1]
  .text               ro code  0x08003a74    0x78  stm32f3xx_hal_msp.o [1]
  .text               ro code  0x08003aec    0x78  stm32f3xx_hal_crc.o [1]
  .text               ro code  0x08003b64   0x5d2  stm32f3xx_hal_tim.o [1]
  .text               ro code  0x08004138    0x54  stm32f3xx_hal_tim_ex.o [1]
  .text               ro code  0x0800418c    0x44  stm32f3xx_hal_crc_ex.o [1]
  .text               ro code  0x080041d0     0x2  stm32f3xx_hal_tim.o [1]
  .text               ro code  0x080041d2     0x2  stm32f3xx_hal_tim.o [1]
  .text               ro code  0x080041d4     0x2  stm32f3xx_hal_tim.o [1]
  .text               ro code  0x080041d6     0x2  stm32f3xx_hal_tim.o [1]
  .text               ro code  0x080041d8     0x2  stm32f3xx_hal_tim_ex.o [1]
  .text               ro code  0x080041da     0x2  stm32f3xx_hal_tim.o [1]
  .text               ro code  0x080041dc     0x2  stm32f3xx_hal_tim_ex.o [1]
  .text               ro code  0x080041de     0x2  stm32f3xx_hal_tim.o [1]
  .text               ro code  0x080041e0    0xd6  xfspos.o [3]
  .text               ro code  0x080042b8    0xb0  fflush.o [3]
  .text               ro code  0x08004368     0xc  xfgpos.o [3]
  .text               ro code  0x08004374    0x4c  lseek.o [6]
  .text               ro code  0x080043c0     0xc  errno.o [3]
  .text               ro code  0x080043cc     0x4  xsyslock_nop.o [3]
  .text               ro code  0x080043d0    0x10  write.o [6]
  .text               ro code  0x080043e0    0xcc  XShHandles.o [3]
  .text               ro code  0x080044ac    0x1e  dwrite.o [6]
  .text               ro code  0x080044ca    0x20  iarwstd.o [6]
  .text               ro code  0x080044ea    0x22  iarwrite.o [6]
  .text               ro code  0x0800450c    0x6c  iarttio.o [6]
  .text               ro code  0x08004578     0x8  XShttio.o [3]
  .text               ro code  0x08004580    0xb8  xfwprep.o [3]
  .text               ro code  0x08004638    0x22  fseek.o [3]
  .text               ro code  0x0800465c    0x80  xfofind.o [3]
  .text               ro code  0x080046dc    0x7c  system_stm32f3xx.o [1]
  .text               ro code  0x08004758    0x7a  fclose.o [3]
  .text               ro code  0x080047d2    0x1a  close.o [6]
  .text               ro code  0x080047ec    0x16  remove.o [6]
  .text               ro code  0x08004802    0x78  lz77_init_single.o [5]
  .text               ro code  0x0800487c    0x58  xcloseall.o [3]
  .text               ro code  0x080048d4    0x56  fputc.o [3]
  .text               ro code  0x0800492a    0x40  zero_init3.o [5]
  .text               ro code  0x0800496c    0x28  data_init.o [5]
  .text               ro code  0x08004994    0x24  stm32f3xx_it.o [1]
  .text               ro code  0x080049b8    0x10  stm32f3xx_hal.o [1]
  .text               ro code  0x080049c8    0x22  fpinit_M.o [4]
  .iar.init_table     const    0x080049ec    0x20  - Linker created -
  .text               ro code  0x08004a0c    0x1a  cmain.o [5]
  .text               ro code  0x08004a26     0x4  low_level_init.o [3]
  .text               ro code  0x08004a2a     0x4  exit.o [3]
  .text               ro code  0x08004a30     0xe  cexit.o [5]
  .text               ro code  0x08004a40    0x14  exit.o [6]
  .text               ro code  0x08004a54    0x16  xprout.o [3]
  .text               ro code  0x08004a6c     0xc  putchar.o [3]
  .text               ro code  0x08004a78    0x10  startup_stm32f303xc.o [1]
  .text               ro code  0x08004a88     0xc  cstartup_M.o [5]
  .rodata             const    0x08004a94     0x8  system_stm32f3xx.o [1]
  .text               ro code  0x08004a9c     0x4  startup_stm32f303xc.o [1]
  .text               ro code  0x08004aa0     0x4  startup_stm32f303xc.o [1]
  .text               ro code  0x08004aa4     0x4  startup_stm32f303xc.o [1]
  .text               ro code  0x08004aa8     0x4  startup_stm32f303xc.o [1]
  .text               ro code  0x08004aac     0x4  startup_stm32f303xc.o [1]
  .text               ro code  0x08004ab0     0x4  startup_stm32f303xc.o [1]
  .text               ro code  0x08004ab4     0x4  startup_stm32f303xc.o [1]
  .text               ro code  0x08004ab8     0x4  startup_stm32f303xc.o [1]
  .text               ro code  0x08004abc     0x4  startup_stm32f303xc.o [1]
  .text               ro code  0x08004ac0     0x4  startup_stm32f303xc.o [1]
  .text               ro code  0x08004ac4     0x4  startup_stm32f303xc.o [1]
  .text               ro code  0x08004ac8     0x4  startup_stm32f303xc.o [1]
  .text               ro code  0x08004acc     0x4  startup_stm32f303xc.o [1]
  .text               ro code  0x08004ad0     0x4  startup_stm32f303xc.o [1]
  .text               ro code  0x08004ad4     0x4  startup_stm32f303xc.o [1]
  .text               ro code  0x08004ad8     0x4  startup_stm32f303xc.o [1]
  .text               ro code  0x08004adc     0x4  startup_stm32f303xc.o [1]
  .text               ro code  0x08004ae0     0x4  startup_stm32f303xc.o [1]
  .text               ro code  0x08004ae4     0x4  startup_stm32f303xc.o [1]
  .text               ro code  0x08004ae8     0x4  startup_stm32f303xc.o [1]
  .text               ro code  0x08004aec     0x4  startup_stm32f303xc.o [1]
  .text               ro code  0x08004af0     0x4  startup_stm32f303xc.o [1]
  .text               ro code  0x08004af4     0x4  startup_stm32f303xc.o [1]
  .text               ro code  0x08004af8     0x4  startup_stm32f303xc.o [1]
  .text               ro code  0x08004afc     0x4  startup_stm32f303xc.o [1]
  .text               ro code  0x08004b00     0x4  startup_stm32f303xc.o [1]
  .text               ro code  0x08004b04     0x4  startup_stm32f303xc.o [1]
  .text               ro code  0x08004b08     0x4  startup_stm32f303xc.o [1]
  .text               ro code  0x08004b0c     0x4  startup_stm32f303xc.o [1]
  .text               ro code  0x08004b10     0x4  startup_stm32f303xc.o [1]
  .text               ro code  0x08004b14     0x4  startup_stm32f303xc.o [1]
  .text               ro code  0x08004b18     0x4  startup_stm32f303xc.o [1]
  .text               ro code  0x08004b1c     0x4  startup_stm32f303xc.o [1]
  .text               ro code  0x08004b20     0x4  startup_stm32f303xc.o [1]
  .text               ro code  0x08004b24     0x4  startup_stm32f303xc.o [1]
  .text               ro code  0x08004b28     0x4  startup_stm32f303xc.o [1]
  .text               ro code  0x08004b2c     0x4  startup_stm32f303xc.o [1]
  .text               ro code  0x08004b30     0x4  startup_stm32f303xc.o [1]
  .text               ro code  0x08004b34     0x4  startup_stm32f303xc.o [1]
  .text               ro code  0x08004b38     0x4  startup_stm32f303xc.o [1]
  .text               ro code  0x08004b3c     0x4  startup_stm32f303xc.o [1]
  .text               ro code  0x08004b40     0x4  startup_stm32f303xc.o [1]
  .text               ro code  0x08004b44     0x4  startup_stm32f303xc.o [1]
  .text               ro code  0x08004b48     0x4  startup_stm32f303xc.o [1]
  .text               ro code  0x08004b4c     0x4  startup_stm32f303xc.o [1]
  .text               ro code  0x08004b50     0x4  startup_stm32f303xc.o [1]
  .text               ro code  0x08004b54     0x4  startup_stm32f303xc.o [1]
  .text               ro code  0x08004b58     0x4  startup_stm32f303xc.o [1]
  .text               ro code  0x08004b5c     0x4  startup_stm32f303xc.o [1]
  .text               ro code  0x08004b60     0x4  startup_stm32f303xc.o [1]
  .text               ro code  0x08004b64     0x4  startup_stm32f303xc.o [1]
  .text               ro code  0x08004b68     0x4  startup_stm32f303xc.o [1]
  .text               ro code  0x08004b6c     0x4  startup_stm32f303xc.o [1]
  .text               ro code  0x08004b70     0x4  startup_stm32f303xc.o [1]
  .text               ro code  0x08004b74     0x4  startup_stm32f303xc.o [1]
  .text               ro code  0x08004b78     0x4  startup_stm32f303xc.o [1]
  .text               ro code  0x08004b7c     0x4  startup_stm32f303xc.o [1]
  .text               ro code  0x08004b80     0x4  startup_stm32f303xc.o [1]
  .text               ro code  0x08004b84     0x4  startup_stm32f303xc.o [1]
  .text               ro code  0x08004b88     0x4  startup_stm32f303xc.o [1]
  .text               ro code  0x08004b8c     0x4  startup_stm32f303xc.o [1]
  .text               ro code  0x08004b90     0x4  startup_stm32f303xc.o [1]
  .text               ro code  0x08004b94     0x4  startup_stm32f303xc.o [1]
  .text               ro code  0x08004b98     0x4  startup_stm32f303xc.o [1]
  .text               ro code  0x08004b9c     0x4  startup_stm32f303xc.o [1]
  .text               ro code  0x08004ba0     0x4  startup_stm32f303xc.o [1]
  .text               ro code  0x08004ba4     0x4  startup_stm32f303xc.o [1]
  .text               ro code  0x08004ba8     0x4  startup_stm32f303xc.o [1]
  .text               ro code  0x08004bac     0x4  startup_stm32f303xc.o [1]
  .text               ro code  0x08004bb0     0x4  startup_stm32f303xc.o [1]
  .text               ro code  0x08004bb4     0x4  startup_stm32f303xc.o [1]
  .text               ro code  0x08004bb8     0x4  startup_stm32f303xc.o [1]
  .text               ro code  0x08004bbc     0x0  cstart_closeall.o [5]
  .rodata             const    0x08004bbc     0x0  zero_init3.o [5]
  .rodata             const    0x08004bbc     0x0  lz77_init_single.o [5]
  Initializer bytes   const    0x08004bbc    0x6d  <for P2-1>
                             - 0x08004c29  0x4aa1

"P2", part 1 of 3:                          0x260
  P2-1                         0x20000000   0x260  <Init block>
    .data             inited   0x20000000    0x54  Kulor_Funktioner.o [1]
    .data             inited   0x20000054    0x20  stm32f3_discovery.o [1]
    .data             inited   0x20000074     0x4  system_stm32f3xx.o [1]
    .data             inited   0x20000078    0x40  xfiles.o [3]
    .data             inited   0x200000b8    0x40  xfiles.o [3]
    .data             inited   0x200000f8    0x40  xfiles.o [3]
    .data             inited   0x20000138    0x20  xfiles.o [3]
    .data             inited   0x20000158     0x8  XShttio.o [3]
    __DLIB_PERTHREAD  inited   0x20000160     0x4  errno.o [3]
    __DLIB_PERTHREAD  inited   0x20000164    0x74  setlocale.o [3]
    __DLIB_PERTHREAD  inited   0x200001d8    0x88  localeconv.o [3]
                             - 0x20000260   0x260

"P2", part 2 of 3:                          0x600
  CSTACK                       0x20000260   0x400  <Block>
    CSTACK            uninit   0x20000260   0x400  <Block tail>
  HEAP                         0x20000660   0x200  <Block>
    HEAP              uninit   0x20000660   0x200  <Block tail>
                             - 0x20000860   0x600

"P2", part 3 of 3:                          0x290
  .bss                zero     0x20000860    0x80  XShHandles.o [3]
  .bss                zero     0x200008e0    0x70  usart.o [1]
  .bss                zero     0x20000950    0x68  main.o [1]
  .bss                zero     0x200009b8    0x50  xfiles.o [3]
  .bss                zero     0x20000a08    0x50  xfiles.o [3]
  .bss                zero     0x20000a58    0x40  tim.o [1]
  .bss                zero     0x20000a98    0x24  crc.o [1]
  .bss                zero     0x20000abc    0x20  rtc.o [1]
  .bss                zero     0x20000adc     0x8  xxmemxmalloc.o [3]
  .bss                zero     0x20000ae4     0x4  stm32f3xx_hal.o [1]
  .bss                zero     0x20000ae8     0x4  xgetmemchunk.o [3]
  .bss                zero     0x20000aec     0x1  Kulor_Funktioner.o [1]
                             - 0x20000aed   0x28d


*******************************************************************************
*** INIT TABLE
***

          Address     Size
          -------     ----
Zero (__iar_zero_init3)
    1 destination range, total size 0x28d:
          0x20000860  0x28d

Copy/lz77 (__iar_lz77_init_single3)
    1 source range, total size 0x6d (17% of destination):
          0x08004bbc   0x6d
    1 destination range, total size 0x260:
          0x20000000  0x260



*******************************************************************************
*** MODULE SUMMARY
***

    Module                   ro code  ro data  rw data
    ------                   -------  -------  -------
C:\Users\jonas\Documents\GitHub\Inbyggda-\lab 1\filer\KULOR_V2\EWARM\KULOR_V2\Obj: [1]
    Kulor_Funktioner.o           380       15       85
    crc.o                         96                36
    gpio.o                       368
    main.o                       210               104
    rtc.o                        140                32
    startup_stm32f303xc.o        696
    stm32f3_discovery.o          152        5       32
    stm32f3xx_hal.o              104                 4
    stm32f3xx_hal_cortex.o       222
    stm32f3xx_hal_crc.o          120
    stm32f3xx_hal_crc_ex.o        68
    stm32f3xx_hal_dma.o           76
    stm32f3xx_hal_gpio.o         412
    stm32f3xx_hal_msp.o          120
    stm32f3xx_hal_rcc.o        1 192
    stm32f3xx_hal_rcc_ex.o       440
    stm32f3xx_hal_rtc.o          838
    stm32f3xx_hal_rtc_ex.o        24
    stm32f3xx_hal_tim.o        1 502
    stm32f3xx_hal_tim_ex.o        88
    stm32f3xx_hal_uart.o       1 578
    stm32f3xx_hal_uart_ex.o        2
    stm32f3xx_it.o                36
    system_stm32f3xx.o           124        9        4
    tim.o                        280                64
    usart.o                      136               112
    --------------------------------------------------
    Total:                     9 404       29      473

command line: [2]
    --------------------------------------------------
    Total:

dl7M_tlf.a: [3]
    XShHandles.o                 204               128
    XShttio.o                      8        2        8
    div.o                         14
    errno.o                       12                 4
    exit.o                         4
    fclose.o                     122
    fflush.o                     176
    fputc.o                       86
    fseek.o                       34
    localeconv.o                 108       25      136
    low_level_init.o               4
    printf.o                      36
    putchar.o                     12
    setlocale.o                   20       21      116
    xcloseall.o                   88
    xencoding_sb.o                96
    xfgpos.o                      12
    xfiles.o                               40      384
    xfofind.o                    128
    xfspos.o                     214
    xfwprep.o                    184
    xgetmemchunk.o                44                 4
    xmbcurmax.o                   10
    xmbtowc.o                     32
    xprintffull.o              4 506
    xprout.o                      22
    xsyslock_nop.o                 4
    xtls.o                         2
    xwctomb.o                     26
    xxmemxfree.o                 128
    xxmemxmalloc.o               176                 8
    --------------------------------------------------
    Total:                     6 512       88      788

m7M_tls.a: [4]
    DblAdd.o                     212
    DblCmpGe.o                    46
    DblCmpLe.o                    46
    DblDiv.o                     598
    DblMul.o                     418
    DblSub.o                     384
    DblToI32.o                    88
    I32ToDbl.o                    48
    fpinit_M.o                    34
    xdnorm.o                      68
    xdscale.o                    276
    --------------------------------------------------
    Total:                     2 218

rt7M_tl.a: [5]
    ABImemcpy_unaligned.o        118
    I64DivMod.o                  238
    I64DivZer.o                    2
    cexit.o                       14
    cmain.o                       26
    cstart_closeall.o
    cstartup_M.o                  12
    data_init.o                   40
    lz77_init_single.o           120
    memchr.o                      88
    strchr.o                      22
    strlen.o                      54
    zero_init3.o                  64
    --------------------------------------------------
    Total:                       798

shb_l.a: [6]
    close.o                       26
    dwrite.o                      30
    exit.o                        20
    iarttio.o                    108
    iarwrite.o                    34
    iarwstd.o                     32
    lseek.o                       76
    remove.o                      22
    write.o                       16
    --------------------------------------------------
    Total:                       364

    Gaps                          50        2
    Linker created                         32    1 536
------------------------------------------------------
    Grand Total:              19 346      151    2 797


*******************************************************************************
*** ENTRY LIST
***

Entry                      Address   Size  Type      Object
-----                      -------   ----  ----      ------
.iar.init_table$$Base   0x080049ec          --   Gb  - Linker created -
.iar.init_table$$Limit  0x08004a0c          --   Gb  - Linker created -
?main                   0x08004a0d         Code  Gb  cmain.o [5]
AHBPrescTable           0x08004748   0x10  Data  Gb  system_stm32f3xx.o [1]
APBPrescTable           0x08004a94    0x8  Data  Gb  system_stm32f3xx.o [1]
BSP_LED_Init            0x08003395   0x6a  Code  Gb  stm32f3_discovery.o [1]
BSP_LED_On              0x080033ff   0x14  Code  Gb  stm32f3_discovery.o [1]
CSTACK$$Base            0x20000260          --   Gb  - Linker created -
CSTACK$$Limit           0x20000660          --   Gb  - Linker created -
Error_Handler           0x08002e61    0x2  Code  Gb  main.o [1]
HAL_CRCEx_Polynomial_Set
                        0x0800418d   0x44  Code  Gb  stm32f3xx_hal_crc_ex.o [1]
HAL_CRC_Init            0x08003aed   0x72  Code  Gb  stm32f3xx_hal_crc.o [1]
HAL_CRC_MspInit         0x0800360b   0x22  Code  Gb  crc.o [1]
HAL_DMA_Abort_IT        0x08002711   0x4c  Code  Gb  stm32f3xx_hal_dma.o [1]
HAL_GPIO_Init           0x08002e65  0x16c  Code  Gb  stm32f3xx_hal_gpio.o [1]
HAL_GPIO_WritePin       0x08002fdb    0xa  Code  Gb  stm32f3xx_hal_gpio.o [1]
HAL_GetTick             0x08002c09    0xc  Code  Wk  stm32f3xx_hal.o [1]
HAL_IncTick             0x080049b9   0x10  Code  Wk  stm32f3xx_hal.o [1]
HAL_Init                0x08003445   0x20  Code  Gb  stm32f3xx_hal.o [1]
HAL_InitTick            0x08003001   0x28  Code  Wk  stm32f3xx_hal.o [1]
HAL_MspInit             0x08003a75   0x78  Code  Gb  stm32f3xx_hal_msp.o [1]
HAL_NVIC_EnableIRQ      0x08003a03    0xc  Code  Gb  stm32f3xx_hal_cortex.o [1]
HAL_NVIC_SetPriority    0x080039c9   0x3a  Code  Gb  stm32f3xx_hal_cortex.o [1]
HAL_NVIC_SetPriorityGrouping
                        0x080039af   0x1a  Code  Gb  stm32f3xx_hal_cortex.o [1]
HAL_RCCEx_PeriphCLKConfig
                        0x080037dd  0x1aa  Code  Gb  stm32f3xx_hal_rcc_ex.o [1]
HAL_RCC_ClockConfig     0x08002a33  0x112  Code  Gb  stm32f3xx_hal_rcc.o [1]
HAL_RCC_GetHCLKFreq     0x08002b93    0x6  Code  Gb  stm32f3xx_hal_rcc.o [1]
HAL_RCC_GetPCLK1Freq    0x08002b99   0x10  Code  Gb  stm32f3xx_hal_rcc.o [1]
HAL_RCC_GetPCLK2Freq    0x08002ba9    0xe  Code  Gb  stm32f3xx_hal_rcc.o [1]
HAL_RCC_GetSysClockFreq
                        0x08002b59   0x3a  Code  Gb  stm32f3xx_hal_rcc.o [1]
HAL_RCC_OscConfig       0x08002761  0x2c0  Code  Gb  stm32f3xx_hal_rcc.o [1]
HAL_RTCEx_BKUPRead      0x08003439    0xc  Code  Gb  stm32f3xx_hal_rtc_ex.o [1]
HAL_RTCEx_BKUPWrite     0x0800342d    0xc  Code  Gb  stm32f3xx_hal_rtc_ex.o [1]
HAL_RTC_GetDate         0x08003257   0x3c  Code  Gb  stm32f3xx_hal_rtc.o [1]
HAL_RTC_GetTime         0x08003157   0x44  Code  Gb  stm32f3xx_hal_rtc.o [1]
HAL_RTC_Init            0x08003029   0x7e  Code  Gb  stm32f3xx_hal_rtc.o [1]
HAL_RTC_MspInit         0x080036a9   0x10  Code  Gb  rtc.o [1]
HAL_RTC_SetDate         0x080031a1   0x88  Code  Gb  stm32f3xx_hal_rtc.o [1]
HAL_RTC_SetTime         0x080030bb   0x94  Code  Gb  stm32f3xx_hal_rtc.o [1]
HAL_RTC_WaitForSynchro  0x080032e5   0x30  Code  Gb  stm32f3xx_hal_rtc.o [1]
HAL_SYSTICK_CLKSourceConfig
                        0x08003a3f   0x14  Code  Gb  stm32f3xx_hal_cortex.o [1]
HAL_SYSTICK_Callback    0x08003a71    0x2  Code  Wk  stm32f3xx_hal_cortex.o [1]
HAL_SYSTICK_Config      0x08003a17   0x28  Code  Gb  stm32f3xx_hal_cortex.o [1]
HAL_SYSTICK_IRQHandler  0x08003a6d    0x4  Code  Gb  stm32f3xx_hal_cortex.o [1]
HAL_TIMEx_BreakCallback
                        0x080041d9    0x2  Code  Wk  stm32f3xx_hal_tim_ex.o [1]
HAL_TIMEx_CommutationCallback
                        0x080041dd    0x2  Code  Wk  stm32f3xx_hal_tim_ex.o [1]
HAL_TIMEx_MasterConfigSynchronization
                        0x08004139   0x4c  Code  Gb  stm32f3xx_hal_tim_ex.o [1]
HAL_TIM_Base_Init       0x08003b65   0x1a  Code  Gb  stm32f3xx_hal_tim.o [1]
HAL_TIM_Base_MspInit    0x0800377b   0x54  Code  Gb  tim.o [1]
HAL_TIM_ConfigClockSource
                        0x08003e17   0xb4  Code  Gb  stm32f3xx_hal_tim.o [1]
HAL_TIM_IC_CaptureCallback
                        0x080041d3    0x2  Code  Wk  stm32f3xx_hal_tim.o [1]
HAL_TIM_IC_ConfigChannel
                        0x08003cfd  0x11a  Code  Gb  stm32f3xx_hal_tim.o [1]
HAL_TIM_IC_Init         0x08003b9b   0x1a  Code  Gb  stm32f3xx_hal_tim.o [1]
HAL_TIM_IC_MspInit      0x080041d1    0x2  Code  Wk  stm32f3xx_hal_tim.o [1]
HAL_TIM_IRQHandler      0x08003bb5  0x142  Code  Gb  stm32f3xx_hal_tim.o [1]
HAL_TIM_OC_DelayElapsedCallback
                        0x080041d5    0x2  Code  Wk  stm32f3xx_hal_tim.o [1]
HAL_TIM_PWM_PulseFinishedCallback
                        0x080041df    0x2  Code  Wk  stm32f3xx_hal_tim.o [1]
HAL_TIM_PeriodElapsedCallback
                        0x080041d7    0x2  Code  Wk  stm32f3xx_hal_tim.o [1]
HAL_TIM_SlaveConfigSynchronization
                        0x08003edd   0x1a  Code  Gb  stm32f3xx_hal_tim.o [1]
HAL_TIM_TriggerCallback
                        0x080041db    0x2  Code  Wk  stm32f3xx_hal_tim.o [1]
HAL_UARTEx_WakeupCallback
                        0x0800275f    0x2  Code  Wk  stm32f3xx_hal_uart_ex.o [1]
HAL_UART_ErrorCallback  0x0800275d    0x2  Code  Wk  stm32f3xx_hal_uart.o [1]
HAL_UART_IRQHandler     0x080020ed  0x130  Code  Gb  stm32f3xx_hal_uart.o [1]
HAL_UART_Init           0x08002061   0x30  Code  Gb  stm32f3xx_hal_uart.o [1]
HAL_UART_MspInit        0x080026bd   0x44  Code  Gb  usart.o [1]
HAL_UART_RxCpltCallback
                        0x08002c17    0x2  Code  Gb  Kulor_Funktioner.o [1]
HAL_UART_TxCpltCallback
                        0x08002c15    0x2  Code  Gb  Kulor_Funktioner.o [1]
HEAP$$Base              0x20000660          --   Gb  - Linker created -
HEAP$$Limit             0x20000860          --   Gb  - Linker created -
LED_PIN                 0x0800341c   0x10  Data  Gb  stm32f3_discovery.o [1]
LED_PORT                0x20000054   0x20  Data  Gb  stm32f3_discovery.o [1]
LoadInt                 0x080007ff   0x6e  Code  Lc  xprintffull.o [3]
MX_CRC_Init             0x080035d9   0x32  Code  Gb  crc.o [1]
MX_GPIO_Init            0x08003469  0x128  Code  Gb  gpio.o [1]
MX_RTC_Init             0x08003639   0x70  Code  Gb  rtc.o [1]
MX_TIM1_Init            0x080036c5   0xb6  Code  Gb  tim.o [1]
MX_USART3_UART_Init     0x08002689   0x34  Code  Gb  usart.o [1]
NVIC_SetPriority        0x08003995   0x1a  Code  Lc  stm32f3xx_hal_cortex.o [1]
NewLine                 0x2000003c    0x4  Data  Gb  Kulor_Funktioner.o [1]
RTC_Bcd2ToByte          0x0800335f   0x10  Code  Gb  stm32f3xx_hal_rtc.o [1]
RTC_ByteToBcd2          0x08003349   0x16  Code  Gb  stm32f3xx_hal_rtc.o [1]
RTC_CLOCK_SETINGS       0x08002c6f   0x76  Code  Gb  Kulor_Funktioner.o [1]
RTC_CalendarConfig::date
                        0x20000001    0x1  Data  Lc  Kulor_Funktioner.o [1]
RTC_CalendarConfig::hour
                        0x20000003    0x1  Data  Lc  Kulor_Funktioner.o [1]
RTC_CalendarConfig::minits
                        0x20000002    0x1  Data  Lc  Kulor_Funktioner.o [1]
RTC_CalendarConfig::mouth
                        0x20000004    0x1  Data  Lc  Kulor_Funktioner.o [1]
RTC_CalendarConfig::year
                        0x20000000    0x1  Data  Lc  Kulor_Funktioner.o [1]
RTC_CalendarShow        0x08002c21   0x4e  Code  Gb  Kulor_Funktioner.o [1]
RTC_EnterInitMode       0x08003315   0x34  Code  Gb  stm32f3xx_hal_rtc.o [1]
Region$$Table$$Base     0x080049ec          --   Gb  - Linker created -
Region$$Table$$Limit    0x08004a0c          --   Gb  - Linker created -
RtcHandle               0x20000008   0x20  Data  Gb  Kulor_Funktioner.o [1]
SetDate                 0x20000028    0xc  Data  Gb  Kulor_Funktioner.o [1]
SetTime                 0x20000034    0x8  Data  Gb  Kulor_Funktioner.o [1]
SysTick_Handler         0x08004995    0xe  Code  Gb  stm32f3xx_it.o [1]
SystemClock_Config      0x08002dc5   0x92  Code  Gb  main.o [1]
SystemCoreClock         0x20000074    0x4  Data  Gb  system_stm32f3xx.o [1]
SystemInit              0x080046dd   0x52  Code  Gb  system_stm32f3xx.o [1]
TIM1_CC_IRQHandler      0x080049a3    0x6  Code  Gb  stm32f3xx_it.o [1]
TIM_Base_SetConfig      0x08003f25   0x90  Code  Gb  stm32f3xx_hal_tim.o [1]
TIM_ETR_SetConfig       0x08004123   0x14  Code  Gb  stm32f3xx_hal_tim.o [1]
TIM_ITRx_SetConfig      0x08004113   0x10  Code  Lc  stm32f3xx_hal_tim.o [1]
TIM_SlaveTimer_SetConfig
                        0x08003fb9   0x5a  Code  Lc  stm32f3xx_hal_tim.o [1]
TIM_TI1_ConfigInputStage
                        0x08004099   0x22  Code  Lc  stm32f3xx_hal_tim.o [1]
TIM_TI1_SetConfig       0x08004013   0x5a  Code  Gb  stm32f3xx_hal_tim.o [1]
TIM_TI2_ConfigInputStage
                        0x080040ef   0x24  Code  Lc  stm32f3xx_hal_tim.o [1]
TIM_TI2_SetConfig       0x080040bb   0x34  Code  Lc  stm32f3xx_hal_tim.o [1]
UART_AdvFeatureConfig   0x080023f1   0xc6  Code  Gb  stm32f3xx_hal_uart.o [1]
UART_CheckIdleState     0x080024b7   0x56  Code  Gb  stm32f3xx_hal_uart.o [1]
UART_DMAAbortOnError    0x08002591   0x10  Code  Lc  stm32f3xx_hal_uart.o [1]
UART_EndRxTransfer      0x08002571   0x1c  Code  Lc  stm32f3xx_hal_uart.o [1]
UART_EndTransmit_IT     0x08002601   0x1a  Code  Gb  stm32f3xx_hal_uart.o [1]
UART_Receive_IT         0x0800261b   0x6e  Code  Gb  stm32f3xx_hal_uart.o [1]
UART_SetConfig          0x08002229  0x1ac  Code  Gb  stm32f3xx_hal_uart.o [1]
UART_Transmit_IT        0x080025a1   0x60  Code  Gb  stm32f3xx_hal_uart.o [1]
UART_WaitOnFlagUntilTimeout
                        0x0800250d   0x58  Code  Gb  stm32f3xx_hal_uart.o [1]
USART3_IRQHandler       0x080049a9    0x6  Code  Gb  stm32f3xx_it.o [1]
UartReady               0x20000aec    0x1  Data  Gb  Kulor_Funktioner.o [1]
_Close_all              0x0800487d   0x58  Code  Gb  xcloseall.o [3]
_EncodingSb_Mbtowc      0x08001f13   0x30  Code  Gb  xencoding_sb.o [3]
_EncodingSb_Mbtowc::initial
                        0x08001f50    0x8  Data  Lc  xencoding_sb.o [3]
_EncodingSb_Wctomb      0x08001ef9   0x1a  Code  Gb  xencoding_sb.o [3]
_EncodingSb_Wctomb::initial
                        0x08001f48    0x8  Data  Lc  xencoding_sb.o [3]
_Files                  0x20000138   0x20  Data  Gb  xfiles.o [3]
_Fofree                 0x0800465d   0x78  Code  Gb  xfofind.o [3]
_Fspos                  0x080041e1   0xd6  Code  Gb  xfspos.o [3]
_Fwprep                 0x08004581   0xb8  Code  Gb  xfwprep.o [3]
_GenldFull              0x08001085  0x254  Code  Lc  xprintffull.o [3]
_IsdstStr               0x20000168    0x4  Data  Gb  setlocale.o [3]
_LdtobFull              0x08000c85  0x3fa  Code  Lc  xprintffull.o [3]
_LitobFull              0x08000b79  0x10a  Code  Lc  xprintffull.o [3]
_LocaleEncoding         0x08001ee5    0xe  Code  Gb  setlocale.o [3]
_LocaleReturnString     0x20000188   0x50  Data  Lc  setlocale.o [3]
_Locale_Profile         0x2000016c   0x1c  Data  Gb  setlocale.o [3]
_Locale_aeabi_lconv     0x20000228   0x38  Data  Gb  localeconv.o [3]
_Locale_lconv           0x200001d8   0x50  Data  Gb  localeconv.o [3]
_Mbtowc                 0x08001323   0x20  Code  Gb  xmbtowc.o [3]
_Nnl                    0x08004369    0xc  Code  Gb  xfgpos.o [3]
_PrintfFull             0x08000189  0x660  Code  Gb  xprintffull.o [3]
_Prout                  0x08004a55   0x16  Code  Gb  xprout.o [3]
_PutcharsFull           0x080012d9   0x2e  Code  Lc  xprintffull.o [3]
_PutstrFull             0x0800086d  0x306  Code  Lc  xprintffull.o [3]
_TzoneStr               0x20000164    0x4  Data  Gb  setlocale.o [3]
_Wctomb                 0x080014a9   0x1a  Code  Gb  xwctomb.o [3]
__aeabi_cdcmple         0x080016f1         Code  Gb  DblCmpLe.o [4]
__aeabi_cdrcmple        0x08001721         Code  Gb  DblCmpGe.o [4]
__aeabi_d2iz            0x08001865         Code  Gb  DblToI32.o [4]
__aeabi_d2uiz           0x08001891         Code  Gb  DblToI32.o [4]
__aeabi_ddiv            0x08001c11         Code  Gb  DblDiv.o [4]
__aeabi_dmul            0x08001a6d         Code  Gb  DblMul.o [4]
__aeabi_dsub            0x080018ed         Code  Gb  DblSub.o [4]
__aeabi_errno_addr      0x080043c1    0x6  Code  Gb  errno.o [3]
__aeabi_i2d             0x080018bd         Code  Gb  I32ToDbl.o [4]
__aeabi_ldiv0           0x08001f85         Code  Gb  I64DivZer.o [5]
__aeabi_ui2d            0x080018d1         Code  Gb  I32ToDbl.o [4]
__aeabi_uldivmod        0x080015bd         Code  Gb  I64DivMod.o [5]
__cexit_closeall        0x08004a33         Code  Gb  cexit.o [5]
__close                 0x080047d3   0x1a  Code  Gb  close.o [6]
__cmain                 0x08004a0d         Code  Gb  cmain.o [5]
__cstart_closeall       0x08004bbc         Data  Gb  cstart_closeall.o [5]
__data_Aldata           0x20000adc    0x8  Data  Gb  xxmemxmalloc.o [3]
__data_GetMemChunk      0x08001f59   0x2c  Code  Gb  xgetmemchunk.o [3]
__data_GetMemChunk::start
                        0x20000ae8    0x4  Data  Lc  xgetmemchunk.o [3]
__dwrite                0x080044ad   0x1e  Code  Gb  dwrite.o [6]
__exit                  0x08004a41   0x14  Code  Gb  exit.o [6]
__iar_Dnorm             0x080016ab   0x44  Code  Gb  xdnorm.o [4]
__iar_Dscale            0x08001751  0x114  Code  Gb  xdscale.o [4]
__iar_Errno             0x20000160    0x4  Data  Gb  errno.o [3]
__iar_Locale_lconv_init
                        0x08001e69   0x3a  Code  Gb  localeconv.o [3]
__iar_Lockfilelock      0x080043cd    0x2  Code  Gb  xsyslock_nop.o [3]
__iar_Mbcurmax          0x080013ed    0xa  Code  Gb  xmbcurmax.o [3]
__iar_Memchr            0x08001395         Code  Gb  memchr.o [5]
__iar_Stderr            0x200000f8   0x40  Data  Gb  xfiles.o [3]
__iar_Stdin             0x20000078   0x40  Data  Gb  xfiles.o [3]
__iar_Stdout            0x200000b8   0x40  Data  Gb  xfiles.o [3]
__iar_Strchr            0x08001345         Code  Gb  strchr.o [5]
__iar_Unlockfilelock    0x080043cf    0x2  Code  Gb  xsyslock_nop.o [3]
__iar_close_ttio        0x0800450d   0x2e  Code  Gb  iarttio.o [6]
__iar_d2uiz             0x0800189d         Code  Gb  DblToI32.o [4]
__iar_dadd              0x08001f89         Code  Gb  DblAdd.o [4]
__iar_data_init3        0x0800496d   0x28  Code  Gb  data_init.o [5]
__iar_dlib_perthread_access
                        0x0800205d    0x2  Code  Gb  xtls.o [3]
__iar_dsub              0x08001901         Code  Gb  DblSub.o [4]
__iar_dsubStart         0x08001913         Code  Gb  DblSub.o [4]
__iar_get_ttio          0x0800453d   0x38  Code  Gb  iarttio.o [6]
__iar_init_vfp          0x080049c9         Code  Gb  fpinit_M.o [4]
__iar_lookup_ttioh      0x08004579    0x8  Code  Gb  XShttio.o [3]
__iar_lz77_init_single3
                        0x08004803   0x78  Code  Gb  lz77_init_single.o [5]
__iar_program_start     0x08004a89         Code  Gb  cstartup_M.o [5]
__iar_sh_Discard        0x080043e1   0x3e  Code  Gb  XShHandles.o [3]
__iar_sh_Move           0x08004425   0x46  Code  Gb  XShHandles.o [3]
__iar_sh_Pos            0x0800446b   0x3e  Code  Gb  XShHandles.o [3]
__iar_sh_stdout         0x080044cb   0x20  Code  Gb  iarwstd.o [6]
__iar_sh_write          0x080044eb   0x22  Code  Gb  iarwrite.o [6]
__iar_ttio_handles      0x20000158    0x8  Data  Lc  XShttio.o [3]
__iar_ui2d              0x080018d5         Code  Gb  I32ToDbl.o [4]
__iar_unaligned___aeabi_memcpy
                        0x080014c5         Code  Gb  ABImemcpy_unaligned.o [5]
__iar_unaligned___aeabi_memcpy4
                        0x080014e5         Code  Gb  ABImemcpy_unaligned.o [5]
__iar_unaligned___aeabi_memcpy8
                        0x080014e5         Code  Gb  ABImemcpy_unaligned.o [5]
__iar_zero_init3        0x0800492b   0x40  Code  Gb  zero_init3.o [5]
__low_level_init        0x08004a27    0x4  Code  Gb  low_level_init.o [3]
__lseek                 0x08004375   0x4c  Code  Gb  lseek.o [6]
__vector_table          0x08000000         Data  Gb  startup_stm32f303xc.o [1]
__write                 0x080043d1   0x10  Code  Gb  write.o [6]
_call_main              0x08004a19         Code  Gb  cmain.o [5]
_exit                   0x08004a31         Code  Gb  cexit.o [5]
_main                   0x08004a23         Code  Gb  cmain.o [5]
aPLLMULFactorTable      0x08002be8   0x10  Data  Gb  stm32f3xx_hal_rcc.o [1]
aPredivFactorTable      0x08002bf8   0x10  Data  Gb  stm32f3xx_hal_rcc.o [1]
aShowDate               0x20000984   0x34  Data  Gb  main.o [1]
aShowTime               0x20000950   0x34  Data  Gb  main.o [1]
div                     0x08001ed5    0xe  Code  Gb  div.o [3]
ebuf                    0x200009b8   0x50  Data  Lc  xfiles.o [3]
exit                    0x08004a2b    0x4  Code  Gb  exit.o [3]
fclose                  0x08004759   0x7a  Code  Gb  fclose.o [3]
fflush                  0x0800432f   0x34  Code  Gb  fflush.o [3]
fflushOne               0x080042b9   0x76  Code  Lc  fflush.o [3]
fputc                   0x080048d5   0x56  Code  Gb  fputc.o [3]
free                    0x0800153d   0x7a  Code  Gb  xxmemxfree.o [3]
fseek                   0x08004639   0x22  Code  Gb  fseek.o [3]
hcrc                    0x20000a98   0x24  Data  Gb  crc.o [1]
hrtc                    0x20000abc   0x20  Data  Gb  rtc.o [1]
htim1                   0x20000a58   0x40  Data  Gb  tim.o [1]
huart3                  0x200008e0   0x70  Data  Gb  usart.o [1]
localeconv              0x08001ea3   0x16  Code  Gb  localeconv.o [3]
main                    0x08002d91   0x34  Code  Gb  main.o [1]
malloc                  0x080013f9   0xac  Code  Gb  xxmemxmalloc.o [3]
memchr                  0x08001395         Code  Gb  memchr.o [5]
obuf                    0x20000a08   0x50  Data  Lc  xfiles.o [3]
printf                  0x08003371   0x24  Code  Gb  printf.o [3]
putchar                 0x08004a6d    0xc  Code  Gb  putchar.o [3]
remove                  0x080047ed   0x16  Code  Gb  remove.o [6]
sFileInfo               0x20000860   0x80  Data  Lc  XShHandles.o [3]
strchr                  0x08001345         Code  Gb  strchr.o [5]
strlen                  0x0800135d         Code  Gb  strlen.o [5]
tempInputDate           0x20000040    0xc  Data  Gb  Kulor_Funktioner.o [1]
tempInputTime           0x2000004c    0x8  Data  Gb  Kulor_Funktioner.o [1]
test                    0x08002ce5   0x46  Code  Gb  Kulor_Funktioner.o [1]
uwTick                  0x20000ae4    0x4  Data  Gb  stm32f3xx_hal.o [1]


[1] = C:\Users\jonas\Documents\GitHub\Inbyggda-\lab 1\filer\KULOR_V2\EWARM\KULOR_V2\Obj
[2] = command line
[3] = dl7M_tlf.a
[4] = m7M_tls.a
[5] = rt7M_tl.a
[6] = shb_l.a

  19 346 bytes of readonly  code memory
     151 bytes of readonly  data memory
   2 797 bytes of readwrite data memory

Errors: none
Warnings: none
